Archive member included because of file (symbol)

c:/winavr-20100110/bin/../lib/gcc/avr/4.3.3/avr5\libgcc.a(_mulsi3.o)
                              ./02-HAL/15-Ulrasonic/Src/Ultrasonic.o (__mulsi3)
c:/winavr-20100110/bin/../lib/gcc/avr/4.3.3/avr5\libgcc.a(_udivmodqi4.o)
                              ./02-HAL/06-SSD/Src/SSD.o (__udivmodqi4)
c:/winavr-20100110/bin/../lib/gcc/avr/4.3.3/avr5\libgcc.a(_udivmodhi4.o)
                              ./01-MCAL/Timer/Timer2/src/Timer2.o (__udivmodhi4)
c:/winavr-20100110/bin/../lib/gcc/avr/4.3.3/avr5\libgcc.a(_divmodhi4.o)
                              ./01-MCAL/Timer/Timer2/src/Timer2.o (__divmodhi4)
c:/winavr-20100110/bin/../lib/gcc/avr/4.3.3/avr5\libgcc.a(_udivmodsi4.o)
                              ./01-MCAL/Timer/Timer1/src/Timer1.o (__udivmodsi4)
c:/winavr-20100110/bin/../lib/gcc/avr/4.3.3/avr5\libgcc.a(_exit.o)
                              c:/winavr-20100110/bin/../lib/gcc/avr/4.3.3/../../../../avr/lib/avr5/crtm16.o (exit)
c:/winavr-20100110/bin/../lib/gcc/avr/4.3.3/avr5\libgcc.a(_copy_data.o)
                              ./03-App/main.o (__do_copy_data)
c:/winavr-20100110/bin/../lib/gcc/avr/4.3.3/avr5\libgcc.a(_clear_bss.o)
                              ./03-App/main.o (__do_clear_bss)
c:/winavr-20100110/bin/../lib/gcc/avr/4.3.3/avr5\libgcc.a(_fixunssfsi.o)
                              ./03-App/main.o (__fixunssfsi)
c:/winavr-20100110/bin/../lib/gcc/avr/4.3.3/avr5\libgcc.a(_addsub_sf.o)
                              c:/winavr-20100110/bin/../lib/gcc/avr/4.3.3/avr5\libgcc.a(_fixunssfsi.o) (__subsf3)
c:/winavr-20100110/bin/../lib/gcc/avr/4.3.3/avr5\libgcc.a(_mul_sf.o)
                              ./03-App/main.o (__mulsf3)
c:/winavr-20100110/bin/../lib/gcc/avr/4.3.3/avr5\libgcc.a(_div_sf.o)
                              ./02-HAL/15-Ulrasonic/Src/Ultrasonic.o (__divsf3)
c:/winavr-20100110/bin/../lib/gcc/avr/4.3.3/avr5\libgcc.a(_gt_sf.o)
                              ./03-App/main.o (__gtsf2)
c:/winavr-20100110/bin/../lib/gcc/avr/4.3.3/avr5\libgcc.a(_ge_sf.o)
                              c:/winavr-20100110/bin/../lib/gcc/avr/4.3.3/avr5\libgcc.a(_fixunssfsi.o) (__gesf2)
c:/winavr-20100110/bin/../lib/gcc/avr/4.3.3/avr5\libgcc.a(_lt_sf.o)
                              ./03-App/main.o (__ltsf2)
c:/winavr-20100110/bin/../lib/gcc/avr/4.3.3/avr5\libgcc.a(_sf_to_si.o)
                              c:/winavr-20100110/bin/../lib/gcc/avr/4.3.3/avr5\libgcc.a(_fixunssfsi.o) (__fixsfsi)
c:/winavr-20100110/bin/../lib/gcc/avr/4.3.3/avr5\libgcc.a(_thenan_sf.o)
                              c:/winavr-20100110/bin/../lib/gcc/avr/4.3.3/avr5\libgcc.a(_addsub_sf.o) (__thenan_sf)
c:/winavr-20100110/bin/../lib/gcc/avr/4.3.3/avr5\libgcc.a(_usi_to_sf.o)
                              ./02-HAL/15-Ulrasonic/Src/Ultrasonic.o (__floatunsisf)
c:/winavr-20100110/bin/../lib/gcc/avr/4.3.3/avr5\libgcc.a(_prologue.o)
                              c:/winavr-20100110/bin/../lib/gcc/avr/4.3.3/avr5\libgcc.a(_addsub_sf.o) (__prologue_saves__)
c:/winavr-20100110/bin/../lib/gcc/avr/4.3.3/avr5\libgcc.a(_epilogue.o)
                              c:/winavr-20100110/bin/../lib/gcc/avr/4.3.3/avr5\libgcc.a(_addsub_sf.o) (__epilogue_restores__)
c:/winavr-20100110/bin/../lib/gcc/avr/4.3.3/avr5\libgcc.a(_clzsi2.o)
                              c:/winavr-20100110/bin/../lib/gcc/avr/4.3.3/avr5\libgcc.a(_usi_to_sf.o) (__clzsi2)
c:/winavr-20100110/bin/../lib/gcc/avr/4.3.3/avr5\libgcc.a(_pack_sf.o)
                              c:/winavr-20100110/bin/../lib/gcc/avr/4.3.3/avr5\libgcc.a(_addsub_sf.o) (__pack_f)
c:/winavr-20100110/bin/../lib/gcc/avr/4.3.3/avr5\libgcc.a(_unpack_sf.o)
                              c:/winavr-20100110/bin/../lib/gcc/avr/4.3.3/avr5\libgcc.a(_addsub_sf.o) (__unpack_f)
c:/winavr-20100110/bin/../lib/gcc/avr/4.3.3/avr5\libgcc.a(_fpcmp_parts_sf.o)
                              c:/winavr-20100110/bin/../lib/gcc/avr/4.3.3/avr5\libgcc.a(_gt_sf.o) (__fpcmp_parts_f)
c:/winavr-20100110/bin/../lib/gcc/avr/4.3.3/avr5\libgcc.a(_clz.o)
                              c:/winavr-20100110/bin/../lib/gcc/avr/4.3.3/avr5\libgcc.a(_clzsi2.o) (__clz_tab)
c:/winavr-20100110/bin/../lib/gcc/avr/4.3.3/../../../../avr/lib/avr5\libc.a(strcmp.o)
                              ./03-App/main.o (strcmp)
c:/winavr-20100110/bin/../lib/gcc/avr/4.3.3/../../../../avr/lib/avr5\libc.a(sprintf.o)
                              ./03-App/main.o (sprintf)
c:/winavr-20100110/bin/../lib/gcc/avr/4.3.3/../../../../avr/lib/avr5\libc.a(fmod.o)
                              ./01-MCAL/Timer/Timer2/src/Timer2.o (fmod)
c:/winavr-20100110/bin/../lib/gcc/avr/4.3.3/../../../../avr/lib/avr5\libc.a(fp_mpack.o)
                              c:/winavr-20100110/bin/../lib/gcc/avr/4.3.3/../../../../avr/lib/avr5\libc.a(fmod.o) (__fp_mpack)
c:/winavr-20100110/bin/../lib/gcc/avr/4.3.3/../../../../avr/lib/avr5\libc.a(fp_nan.o)
                              c:/winavr-20100110/bin/../lib/gcc/avr/4.3.3/../../../../avr/lib/avr5\libc.a(fmod.o) (__fp_nan)
c:/winavr-20100110/bin/../lib/gcc/avr/4.3.3/../../../../avr/lib/avr5\libc.a(fp_pscA.o)
                              c:/winavr-20100110/bin/../lib/gcc/avr/4.3.3/../../../../avr/lib/avr5\libc.a(fmod.o) (__fp_pscA)
c:/winavr-20100110/bin/../lib/gcc/avr/4.3.3/../../../../avr/lib/avr5\libc.a(fp_pscB.o)
                              c:/winavr-20100110/bin/../lib/gcc/avr/4.3.3/../../../../avr/lib/avr5\libc.a(fmod.o) (__fp_pscB)
c:/winavr-20100110/bin/../lib/gcc/avr/4.3.3/../../../../avr/lib/avr5\libc.a(fp_split3.o)
                              c:/winavr-20100110/bin/../lib/gcc/avr/4.3.3/../../../../avr/lib/avr5\libc.a(fmod.o) (__fp_split3)
c:/winavr-20100110/bin/../lib/gcc/avr/4.3.3/../../../../avr/lib/avr5\libc.a(fp_zero.o)
                              c:/winavr-20100110/bin/../lib/gcc/avr/4.3.3/../../../../avr/lib/avr5\libc.a(fmod.o) (__fp_szero)
c:/winavr-20100110/bin/../lib/gcc/avr/4.3.3/../../../../avr/lib/avr5\libc.a(vfprintf_std.o)
                              c:/winavr-20100110/bin/../lib/gcc/avr/4.3.3/../../../../avr/lib/avr5\libc.a(sprintf.o) (vfprintf)
c:/winavr-20100110/bin/../lib/gcc/avr/4.3.3/../../../../avr/lib/avr5\libc.a(strnlen_P.o)
                              c:/winavr-20100110/bin/../lib/gcc/avr/4.3.3/../../../../avr/lib/avr5\libc.a(vfprintf_std.o) (strnlen_P)
c:/winavr-20100110/bin/../lib/gcc/avr/4.3.3/../../../../avr/lib/avr5\libc.a(strnlen.o)
                              c:/winavr-20100110/bin/../lib/gcc/avr/4.3.3/../../../../avr/lib/avr5\libc.a(vfprintf_std.o) (strnlen)
c:/winavr-20100110/bin/../lib/gcc/avr/4.3.3/../../../../avr/lib/avr5\libc.a(fputc.o)
                              c:/winavr-20100110/bin/../lib/gcc/avr/4.3.3/../../../../avr/lib/avr5\libc.a(vfprintf_std.o) (fputc)
c:/winavr-20100110/bin/../lib/gcc/avr/4.3.3/../../../../avr/lib/avr5\libc.a(ultoa_invert.o)
                              c:/winavr-20100110/bin/../lib/gcc/avr/4.3.3/../../../../avr/lib/avr5\libc.a(vfprintf_std.o) (__ultoa_invert)

Allocating common symbols
Common symbol       size              file

arr                 0x4               ./03-App/main.o
no_of_ovf           0x2               ./01-MCAL/Timer/Timer0/src/Timer0.o
rem                 0x1               ./01-MCAL/Timer/Timer0/src/Timer0.o
mport               0x1               ./02-HAL/14-Stepper_Motor/Src/Stepper_Motor.o
data                0x1               ./01-MCAL/UART/source/Uart.o
TOV_Counter         0x2               ./02-HAL/15-Ulrasonic/Src/Ultrasonic.o
rem2                0x1               ./01-MCAL/Timer/Timer2/src/Timer2.o
no_of_ovf2          0x2               ./01-MCAL/Timer/Timer2/src/Timer2.o
mnipple             0x1               ./02-HAL/14-Stepper_Motor/Src/Stepper_Motor.o
str                 0x2               ./03-App/main.o

Memory Configuration

Name             Origin             Length             Attributes
text             0x00000000         0x00020000         xr
data             0x00800060         0x0000ffa0         rw !x
eeprom           0x00810000         0x00010000         rw !x
fuse             0x00820000         0x00000400         rw !x
lock             0x00830000         0x00000400         rw !x
signature        0x00840000         0x00000400         rw !x
*default*        0x00000000         0xffffffff

Linker script and memory map

LOAD c:/winavr-20100110/bin/../lib/gcc/avr/4.3.3/../../../../avr/lib/avr5/crtm16.o
LOAD ./03-App/main.o
LOAD ./02-HAL/Dimmer/src/Dimmer.o
LOAD ./02-HAL/16-led_Dimmer/src/Led_Dimmer.o
LOAD ./02-HAL/15-Ulrasonic/Src/Ultrasonic.o
LOAD ./02-HAL/14-Stepper_Motor/Src/Stepper_Motor.o
LOAD ./02-HAL/13-Bluetooth/Src/Bluetooth.o
LOAD ./02-HAL/12-DC_Motor/Src/DC_Motor.o
LOAD ./02-HAL/11-Servo_Motor/Src/Servo_Motor.o
LOAD ./02-HAL/10-EEPROM_ext/Src/EEPROM.o
LOAD ./02-HAL/09-Buzzer/Src/Buzzer.o
LOAD ./02-HAL/08-LM35/Src/LM35.o
LOAD ./02-HAL/07-Keypad/Src/Keypad.o
LOAD ./02-HAL/06-SSD/Src/SSD.o
LOAD ./02-HAL/05-LCD/Src/Lcd.o
LOAD ./02-HAL/05-LCD/Src/Lcd_Cfg.o
LOAD ./02-HAL/02-BUTTON/Src/Button.o
LOAD ./02-HAL/01-LED/Src/Led.o
LOAD ./01-MCAL/UART/source/Uart.o
LOAD ./01-MCAL/Timer/WDT/src/WDT.o
LOAD ./01-MCAL/Timer/Timer2/src/Timer2.o
LOAD ./01-MCAL/Timer/Timer1/src/Timer1.o
LOAD ./01-MCAL/Timer/Timer0/src/Timer0.o
LOAD ./01-MCAL/TWI/Source/TWI.o
LOAD ./01-MCAL/SPI/Source/Spi.o
LOAD ./01-MCAL/GINT/source/GINT.o
LOAD ./01-MCAL/EXT_INT/source/ENT_INT.o
LOAD ./01-MCAL/EEPROM_int/Src/EEPROM_int.o
LOAD ./01-MCAL/DIO/Src/DIO.o
LOAD ./01-MCAL/ADC/source/ADC.o
LOAD c:/winavr-20100110/bin/../lib/gcc/avr/4.3.3/avr5\libgcc.a
LOAD c:/winavr-20100110/bin/../lib/gcc/avr/4.3.3/../../../../avr/lib/avr5\libc.a
LOAD c:/winavr-20100110/bin/../lib/gcc/avr/4.3.3/avr5\libgcc.a

.hash
 *(.hash)

.dynsym
 *(.dynsym)

.dynstr
 *(.dynstr)

.gnu.version
 *(.gnu.version)

.gnu.version_d
 *(.gnu.version_d)

.gnu.version_r
 *(.gnu.version_r)

.rel.init
 *(.rel.init)

.rela.init
 *(.rela.init)

.rel.text
 *(.rel.text)
 *(.rel.text.*)
 *(.rel.gnu.linkonce.t*)

.rela.text
 *(.rela.text)
 *(.rela.text.*)
 *(.rela.gnu.linkonce.t*)

.rel.fini
 *(.rel.fini)

.rela.fini
 *(.rela.fini)

.rel.rodata
 *(.rel.rodata)
 *(.rel.rodata.*)
 *(.rel.gnu.linkonce.r*)

.rela.rodata
 *(.rela.rodata)
 *(.rela.rodata.*)
 *(.rela.gnu.linkonce.r*)

.rel.data
 *(.rel.data)
 *(.rel.data.*)
 *(.rel.gnu.linkonce.d*)

.rela.data
 *(.rela.data)
 *(.rela.data.*)
 *(.rela.gnu.linkonce.d*)

.rel.ctors
 *(.rel.ctors)

.rela.ctors
 *(.rela.ctors)

.rel.dtors
 *(.rel.dtors)

.rela.dtors
 *(.rela.dtors)

.rel.got
 *(.rel.got)

.rela.got
 *(.rela.got)

.rel.bss
 *(.rel.bss)

.rela.bss
 *(.rela.bss)

.rel.plt
 *(.rel.plt)

.rela.plt
 *(.rela.plt)

.text           0x00000000     0x8396
 *(.vectors)
 .vectors       0x00000000       0x54 c:/winavr-20100110/bin/../lib/gcc/avr/4.3.3/../../../../avr/lib/avr5/crtm16.o
                0x00000000                __vectors
                0x00000000                __vector_default
 *(.vectors)
 *(.progmem.gcc*)
 *(.progmem*)
                0x00000054                . = ALIGN (0x2)
                0x00000054                __trampolines_start = .
 *(.trampolines)
 .trampolines   0x00000054        0x0 linker stubs
 *(.trampolines*)
                0x00000054                __trampolines_end = .
 *(.jumptables)
 *(.jumptables*)
 *(.lowtext)
 *(.lowtext*)
                0x00000054                __ctors_start = .
 *(.ctors)
                0x00000054                __ctors_end = .
                0x00000054                __dtors_start = .
 *(.dtors)
                0x00000054                __dtors_end = .
 SORT(*)(.ctors)
 SORT(*)(.dtors)
 *(.init0)
 .init0         0x00000054        0x0 c:/winavr-20100110/bin/../lib/gcc/avr/4.3.3/../../../../avr/lib/avr5/crtm16.o
                0x00000054                __init
 *(.init0)
 *(.init1)
 *(.init1)
 *(.init2)
 .init2         0x00000054        0xc c:/winavr-20100110/bin/../lib/gcc/avr/4.3.3/../../../../avr/lib/avr5/crtm16.o
 *(.init2)
 *(.init3)
 *(.init3)
 *(.init4)
 .init4         0x00000060       0x16 c:/winavr-20100110/bin/../lib/gcc/avr/4.3.3/avr5\libgcc.a(_copy_data.o)
                0x00000060                __do_copy_data
 .init4         0x00000076       0x10 c:/winavr-20100110/bin/../lib/gcc/avr/4.3.3/avr5\libgcc.a(_clear_bss.o)
                0x00000076                __do_clear_bss
 *(.init4)
 *(.init5)
 *(.init5)
 *(.init6)
 *(.init6)
 *(.init7)
 *(.init7)
 *(.init8)
 *(.init8)
 *(.init9)
 .init9         0x00000086        0x8 c:/winavr-20100110/bin/../lib/gcc/avr/4.3.3/../../../../avr/lib/avr5/crtm16.o
 *(.init9)
 *(.text)
 .text          0x0000008e        0x4 c:/winavr-20100110/bin/../lib/gcc/avr/4.3.3/../../../../avr/lib/avr5/crtm16.o
                0x0000008e                __vector_1
                0x0000008e                __vector_12
                0x0000008e                __bad_interrupt
                0x0000008e                __vector_6
                0x0000008e                __vector_3
                0x0000008e                __vector_11
                0x0000008e                __vector_13
                0x0000008e                __vector_17
                0x0000008e                __vector_19
                0x0000008e                __vector_7
                0x0000008e                __vector_5
                0x0000008e                __vector_4
                0x0000008e                __vector_2
                0x0000008e                __vector_15
                0x0000008e                __vector_14
                0x0000008e                __vector_10
                0x0000008e                __vector_16
                0x0000008e                __vector_18
                0x0000008e                __vector_20
 .text          0x00000092        0x0 ./03-App/main.o
 .text          0x00000092        0x0 ./02-HAL/Dimmer/src/Dimmer.o
 .text          0x00000092        0x0 ./02-HAL/16-led_Dimmer/src/Led_Dimmer.o
 .text          0x00000092        0x0 ./02-HAL/15-Ulrasonic/Src/Ultrasonic.o
 .text          0x00000092        0x0 ./02-HAL/14-Stepper_Motor/Src/Stepper_Motor.o
 .text          0x00000092        0x0 ./02-HAL/13-Bluetooth/Src/Bluetooth.o
 .text          0x00000092        0x0 ./02-HAL/12-DC_Motor/Src/DC_Motor.o
 .text          0x00000092        0x0 ./02-HAL/11-Servo_Motor/Src/Servo_Motor.o
 .text          0x00000092        0x0 ./02-HAL/10-EEPROM_ext/Src/EEPROM.o
 .text          0x00000092        0x0 ./02-HAL/09-Buzzer/Src/Buzzer.o
 .text          0x00000092        0x0 ./02-HAL/08-LM35/Src/LM35.o
 .text          0x00000092        0x0 ./02-HAL/07-Keypad/Src/Keypad.o
 .text          0x00000092        0x0 ./02-HAL/06-SSD/Src/SSD.o
 .text          0x00000092        0x0 ./02-HAL/05-LCD/Src/Lcd.o
 .text          0x00000092        0x0 ./02-HAL/05-LCD/Src/Lcd_Cfg.o
 .text          0x00000092        0x0 ./02-HAL/02-BUTTON/Src/Button.o
 .text          0x00000092        0x0 ./02-HAL/01-LED/Src/Led.o
 .text          0x00000092        0x0 ./01-MCAL/UART/source/Uart.o
 .text          0x00000092        0x0 ./01-MCAL/Timer/WDT/src/WDT.o
 .text          0x00000092        0x0 ./01-MCAL/Timer/Timer2/src/Timer2.o
 .text          0x00000092        0x0 ./01-MCAL/Timer/Timer1/src/Timer1.o
 .text          0x00000092        0x0 ./01-MCAL/Timer/Timer0/src/Timer0.o
 .text          0x00000092        0x0 ./01-MCAL/TWI/Source/TWI.o
 .text          0x00000092        0x0 ./01-MCAL/SPI/Source/Spi.o
 .text          0x00000092        0x0 ./01-MCAL/GINT/source/GINT.o
 .text          0x00000092        0x0 ./01-MCAL/EXT_INT/source/ENT_INT.o
 .text          0x00000092        0x0 ./01-MCAL/EEPROM_int/Src/EEPROM_int.o
 .text          0x00000092        0x0 ./01-MCAL/DIO/Src/DIO.o
 .text          0x00000092        0x0 ./01-MCAL/ADC/source/ADC.o
 .text          0x00000092        0x0 c:/winavr-20100110/bin/../lib/gcc/avr/4.3.3/avr5\libgcc.a(_mulsi3.o)
 .text          0x00000092        0x0 c:/winavr-20100110/bin/../lib/gcc/avr/4.3.3/avr5\libgcc.a(_udivmodqi4.o)
 .text          0x00000092        0x0 c:/winavr-20100110/bin/../lib/gcc/avr/4.3.3/avr5\libgcc.a(_udivmodhi4.o)
 .text          0x00000092        0x0 c:/winavr-20100110/bin/../lib/gcc/avr/4.3.3/avr5\libgcc.a(_divmodhi4.o)
 .text          0x00000092        0x0 c:/winavr-20100110/bin/../lib/gcc/avr/4.3.3/avr5\libgcc.a(_udivmodsi4.o)
 .text          0x00000092        0x0 c:/winavr-20100110/bin/../lib/gcc/avr/4.3.3/avr5\libgcc.a(_exit.o)
 .text          0x00000092        0x0 c:/winavr-20100110/bin/../lib/gcc/avr/4.3.3/avr5\libgcc.a(_copy_data.o)
 .text          0x00000092        0x0 c:/winavr-20100110/bin/../lib/gcc/avr/4.3.3/avr5\libgcc.a(_clear_bss.o)
 .text          0x00000092       0x58 c:/winavr-20100110/bin/../lib/gcc/avr/4.3.3/avr5\libgcc.a(_fixunssfsi.o)
                0x00000092                __fixunssfsi
 .text          0x000000ea      0x354 c:/winavr-20100110/bin/../lib/gcc/avr/4.3.3/avr5\libgcc.a(_addsub_sf.o)
                0x00000382                __subsf3
                0x000003e4                __addsf3
 .text          0x0000043e      0x1f4 c:/winavr-20100110/bin/../lib/gcc/avr/4.3.3/avr5\libgcc.a(_mul_sf.o)
                0x0000043e                __mulsf3
 .text          0x00000632      0x158 c:/winavr-20100110/bin/../lib/gcc/avr/4.3.3/avr5\libgcc.a(_div_sf.o)
                0x00000632                __divsf3
 .text          0x0000078a       0x60 c:/winavr-20100110/bin/../lib/gcc/avr/4.3.3/avr5\libgcc.a(_gt_sf.o)
                0x0000078a                __gtsf2
 .text          0x000007ea       0x60 c:/winavr-20100110/bin/../lib/gcc/avr/4.3.3/avr5\libgcc.a(_ge_sf.o)
                0x000007ea                __gesf2
 .text          0x0000084a       0x60 c:/winavr-20100110/bin/../lib/gcc/avr/4.3.3/avr5\libgcc.a(_lt_sf.o)
                0x0000084a                __ltsf2
 .text          0x000008aa       0xa8 c:/winavr-20100110/bin/../lib/gcc/avr/4.3.3/avr5\libgcc.a(_sf_to_si.o)
                0x000008aa                __fixsfsi
 .text          0x00000952        0x0 c:/winavr-20100110/bin/../lib/gcc/avr/4.3.3/avr5\libgcc.a(_thenan_sf.o)
 .text          0x00000952       0xf2 c:/winavr-20100110/bin/../lib/gcc/avr/4.3.3/avr5\libgcc.a(_usi_to_sf.o)
                0x00000952                __floatunsisf
 .text          0x00000a44        0x0 c:/winavr-20100110/bin/../lib/gcc/avr/4.3.3/avr5\libgcc.a(_prologue.o)
 .text          0x00000a44        0x0 c:/winavr-20100110/bin/../lib/gcc/avr/4.3.3/avr5\libgcc.a(_epilogue.o)
 .text          0x00000a44       0x9e c:/winavr-20100110/bin/../lib/gcc/avr/4.3.3/avr5\libgcc.a(_clzsi2.o)
                0x00000a44                __clzsi2
 .text          0x00000ae2      0x1aa c:/winavr-20100110/bin/../lib/gcc/avr/4.3.3/avr5\libgcc.a(_pack_sf.o)
                0x00000ae2                __pack_f
 .text          0x00000c8c       0xf0 c:/winavr-20100110/bin/../lib/gcc/avr/4.3.3/avr5\libgcc.a(_unpack_sf.o)
                0x00000c8c                __unpack_f
 .text          0x00000d7c       0xb2 c:/winavr-20100110/bin/../lib/gcc/avr/4.3.3/avr5\libgcc.a(_fpcmp_parts_sf.o)
                0x00000d7c                __fpcmp_parts_f
 .text          0x00000e2e        0x0 c:/winavr-20100110/bin/../lib/gcc/avr/4.3.3/avr5\libgcc.a(_clz.o)
 .text          0x00000e2e        0x0 c:/winavr-20100110/bin/../lib/gcc/avr/4.3.3/../../../../avr/lib/avr5\libc.a(strcmp.o)
 .text          0x00000e2e        0x0 c:/winavr-20100110/bin/../lib/gcc/avr/4.3.3/../../../../avr/lib/avr5\libc.a(sprintf.o)
 .text          0x00000e2e        0x0 c:/winavr-20100110/bin/../lib/gcc/avr/4.3.3/../../../../avr/lib/avr5\libc.a(fmod.o)
 .text          0x00000e2e        0x0 c:/winavr-20100110/bin/../lib/gcc/avr/4.3.3/../../../../avr/lib/avr5\libc.a(fp_mpack.o)
 .text          0x00000e2e        0x0 c:/winavr-20100110/bin/../lib/gcc/avr/4.3.3/../../../../avr/lib/avr5\libc.a(fp_nan.o)
 .text          0x00000e2e        0x0 c:/winavr-20100110/bin/../lib/gcc/avr/4.3.3/../../../../avr/lib/avr5\libc.a(fp_pscA.o)
 .text          0x00000e2e        0x0 c:/winavr-20100110/bin/../lib/gcc/avr/4.3.3/../../../../avr/lib/avr5\libc.a(fp_pscB.o)
 .text          0x00000e2e        0x0 c:/winavr-20100110/bin/../lib/gcc/avr/4.3.3/../../../../avr/lib/avr5\libc.a(fp_split3.o)
 .text          0x00000e2e        0x0 c:/winavr-20100110/bin/../lib/gcc/avr/4.3.3/../../../../avr/lib/avr5\libc.a(fp_zero.o)
 .text          0x00000e2e        0x0 c:/winavr-20100110/bin/../lib/gcc/avr/4.3.3/../../../../avr/lib/avr5\libc.a(vfprintf_std.o)
 .text          0x00000e2e        0x0 c:/winavr-20100110/bin/../lib/gcc/avr/4.3.3/../../../../avr/lib/avr5\libc.a(strnlen_P.o)
 .text          0x00000e2e        0x0 c:/winavr-20100110/bin/../lib/gcc/avr/4.3.3/../../../../avr/lib/avr5\libc.a(strnlen.o)
 .text          0x00000e2e        0x0 c:/winavr-20100110/bin/../lib/gcc/avr/4.3.3/../../../../avr/lib/avr5\libc.a(fputc.o)
 .text          0x00000e2e        0x0 c:/winavr-20100110/bin/../lib/gcc/avr/4.3.3/../../../../avr/lib/avr5\libc.a(ultoa_invert.o)
                0x00000e2e                . = ALIGN (0x2)
 *(.text.*)
 .text.main     0x00000e2e      0xcc4 ./03-App/main.o
                0x00000e2e                main
 .text.Start_Fane
                0x00001af2       0x1e ./03-App/main.o
                0x00001af2                Start_Fane
 .text.Stop_Fane
                0x00001b10       0x12 ./03-App/main.o
                0x00001b10                Stop_Fane
 .text.Check_Fane
                0x00001b22       0x9a ./03-App/main.o
                0x00001b22                Check_Fane
 .text.Blutooth_Fn
                0x00001bbc      0x436 ./03-App/main.o
                0x00001bbc                Blutooth_Fn
 .text.Dimmer_Int
                0x00001ff2       0x12 ./02-HAL/Dimmer/src/Dimmer.o
                0x00001ff2                Dimmer_Int
 .text.Dimmer_duty
                0x00002004       0x1a ./02-HAL/Dimmer/src/Dimmer.o
                0x00002004                Dimmer_duty
 .text.Dimmer_OFF
                0x0000201e       0x1c ./02-HAL/Dimmer/src/Dimmer.o
                0x0000201e                Dimmer_OFF
 .text.Led_Dimmer_init
                0x0000203a      0x236 ./02-HAL/16-led_Dimmer/src/Led_Dimmer.o
                0x0000203a                Led_Dimmer_init
 .text.delay_on
                0x00002270      0x12e ./02-HAL/16-led_Dimmer/src/Led_Dimmer.o
                0x00002270                delay_on
 .text.init_timer
                0x0000239e       0x7c ./02-HAL/16-led_Dimmer/src/Led_Dimmer.o
                0x0000239e                init_timer
 .text.Ultrasonic_Read
                0x0000241a      0x322 ./02-HAL/15-Ulrasonic/Src/Ultrasonic.o
                0x0000241a                Ultrasonic_Read
 .text.__vector_8
                0x0000273c       0x3a ./02-HAL/15-Ulrasonic/Src/Ultrasonic.o
                0x0000273c                __vector_8
 .text.Stepper_Int
                0x00002776       0xce ./02-HAL/14-Stepper_Motor/Src/Stepper_Motor.o
                0x00002776                Stepper_Int
 .text.Stepper_Cfg
                0x00002844     0x2564 ./02-HAL/14-Stepper_Motor/Src/Stepper_Motor.o
                0x00002844                Stepper_Cfg
 .text.Bluetooth_Init
                0x00004da8       0x12 ./02-HAL/13-Bluetooth/Src/Bluetooth.o
                0x00004da8                Bluetooth_Init
 .text.Bluetooth_Transmit
                0x00004dba       0x1a ./02-HAL/13-Bluetooth/Src/Bluetooth.o
                0x00004dba                Bluetooth_Transmit
 .text.Bluetooth_ReadString
                0x00004dd4       0x24 ./02-HAL/13-Bluetooth/Src/Bluetooth.o
                0x00004dd4                Bluetooth_ReadString
 .text.Bluetooth_Receive
                0x00004df8       0x12 ./02-HAL/13-Bluetooth/Src/Bluetooth.o
                0x00004df8                Bluetooth_Receive
 .text.Bluetooth_TransmitString
                0x00004e0a       0x20 ./02-HAL/13-Bluetooth/Src/Bluetooth.o
                0x00004e0a                Bluetooth_TransmitString
 .text.DC_Motor_Int
                0x00004e2a       0x2e ./02-HAL/12-DC_Motor/Src/DC_Motor.o
                0x00004e2a                DC_Motor_Int
 .text.DC_Motor_Start
                0x00004e58       0x12 ./02-HAL/12-DC_Motor/Src/DC_Motor.o
                0x00004e58                DC_Motor_Start
 .text.DC_Motor_Set_Direction
                0x00004e6a       0x62 ./02-HAL/12-DC_Motor/Src/DC_Motor.o
                0x00004e6a                DC_Motor_Set_Direction
 .text.DC_Motor_Stop
                0x00004ecc       0x26 ./02-HAL/12-DC_Motor/Src/DC_Motor.o
                0x00004ecc                DC_Motor_Stop
 .text.DC_Motor_Speed
                0x00004ef2       0x1a ./02-HAL/12-DC_Motor/Src/DC_Motor.o
                0x00004ef2                DC_Motor_Speed
 .text.Servo_Motor_Int
                0x00004f0c       0x20 ./02-HAL/11-Servo_Motor/Src/Servo_Motor.o
                0x00004f0c                Servo_Motor_Int
 .text.Servo_Motor_Rotat
                0x00004f2c       0x1a ./02-HAL/11-Servo_Motor/Src/Servo_Motor.o
                0x00004f2c                Servo_Motor_Rotat
 .text.E2PROM_Int
                0x00004f46       0x14 ./02-HAL/10-EEPROM_ext/Src/EEPROM.o
                0x00004f46                E2PROM_Int
 .text.E2PROM_WriteByte
                0x00004f5a      0x14e ./02-HAL/10-EEPROM_ext/Src/EEPROM.o
                0x00004f5a                E2PROM_WriteByte
 .text.E2PROM_ReadByte
                0x000050a8       0x72 ./02-HAL/10-EEPROM_ext/Src/EEPROM.o
                0x000050a8                E2PROM_ReadByte
 .text.Buzzer_Int
                0x0000511a       0x22 ./02-HAL/09-Buzzer/Src/Buzzer.o
                0x0000511a                Buzzer_Int
 .text.Buzzer_ON
                0x0000513c       0x28 ./02-HAL/09-Buzzer/Src/Buzzer.o
                0x0000513c                Buzzer_ON
 .text.Buzzer_OFF
                0x00005164       0x28 ./02-HAL/09-Buzzer/Src/Buzzer.o
                0x00005164                Buzzer_OFF
 .text.Buzzer_Toggle
                0x0000518c       0x26 ./02-HAL/09-Buzzer/Src/Buzzer.o
                0x0000518c                Buzzer_Toggle
 .text.LM35_Int
                0x000051b2       0x12 ./02-HAL/08-LM35/Src/LM35.o
                0x000051b2                LM35_Int
 .text.LM35_Read
                0x000051c4       0xa2 ./02-HAL/08-LM35/Src/LM35.o
                0x000051c4                LM35_Read
 .text.Keypad_Is_Pressed
                0x00005266       0x4c ./02-HAL/07-Keypad/Src/Keypad.o
 .text.Keypad_Get_Row
                0x000052b2       0x5c ./02-HAL/07-Keypad/Src/Keypad.o
 .text.Keypad_Get_Column
                0x0000530e       0xfa ./02-HAL/07-Keypad/Src/Keypad.o
 .text.Keypad_Int
                0x00005408       0xa6 ./02-HAL/07-Keypad/Src/Keypad.o
                0x00005408                Keypad_Int
 .text.Keypad_Read
                0x000054ae       0x74 ./02-HAL/07-Keypad/Src/Keypad.o
                0x000054ae                Keypad_Read
 .text.SSD_Int  0x00005522       0x68 ./02-HAL/06-SSD/Src/SSD.o
                0x00005522                SSD_Int
 .text.SSD_Display
                0x0000558a      0x256 ./02-HAL/06-SSD/Src/SSD.o
                0x0000558a                SSD_Display
 .text.SSD_Display_With_Delay
                0x000057e0      0x15e ./02-HAL/06-SSD/Src/SSD.o
                0x000057e0                SSD_Display_With_Delay
 .text.Lcd_Pulse
                0x0000593e      0x29a ./02-HAL/05-LCD/Src/Lcd.o
                0x0000593e                Lcd_Pulse
 .text.Lcd_Write_Custom
                0x00005bd8       0x7a ./02-HAL/05-LCD/Src/Lcd.o
                0x00005bd8                Lcd_Write_Custom
 .text.Lcd_Int  0x00005c52      0x3e4 ./02-HAL/05-LCD/Src/Lcd.o
                0x00005c52                Lcd_Int
 .text.Lcd_Cmd  0x00006036       0x4c ./02-HAL/05-LCD/Src/Lcd.o
                0x00006036                Lcd_Cmd
 .text.Lcd_Data
                0x00006082       0x4c ./02-HAL/05-LCD/Src/Lcd.o
                0x00006082                Lcd_Data
 .text.Lcd_Display_chr
                0x000060ce       0x1a ./02-HAL/05-LCD/Src/Lcd.o
                0x000060ce                Lcd_Display_chr
 .text.Lcd_Display_str
                0x000060e8       0x38 ./02-HAL/05-LCD/Src/Lcd.o
                0x000060e8                Lcd_Display_str
 .text.Lcd_Goto_Row_Column
                0x00006120       0x4e ./02-HAL/05-LCD/Src/Lcd.o
                0x00006120                Lcd_Goto_Row_Column
 .text.Button_Int
                0x0000616e       0x2c ./02-HAL/02-BUTTON/Src/Button.o
                0x0000616e                Button_Int
 .text.Button_Read
                0x0000619a       0x68 ./02-HAL/02-BUTTON/Src/Button.o
                0x0000619a                Button_Read
 .text.Led_Init
                0x00006202       0x4a ./02-HAL/01-LED/Src/Led.o
                0x00006202                Led_Init
 .text.Led_ON   0x0000624c       0x62 ./02-HAL/01-LED/Src/Led.o
                0x0000624c                Led_ON
 .text.Led_OFF  0x000062ae       0x62 ./02-HAL/01-LED/Src/Led.o
                0x000062ae                Led_OFF
 .text.Led_Toggle
                0x00006310       0x5c ./02-HAL/01-LED/Src/Led.o
                0x00006310                Led_Toggle
 .text.UART_Int
                0x0000636c       0x56 ./01-MCAL/UART/source/Uart.o
                0x0000636c                UART_Int
 .text.UART_Transmit_chr
                0x000063c2       0x34 ./01-MCAL/UART/source/Uart.o
                0x000063c2                UART_Transmit_chr
 .text.UART_Receive
                0x000063f6       0x26 ./01-MCAL/UART/source/Uart.o
                0x000063f6                UART_Receive
 .text.UART_TransmitString
                0x0000641c       0x52 ./01-MCAL/UART/source/Uart.o
                0x0000641c                UART_TransmitString
 .text.UART1_Rx_Str
                0x0000646e       0x7c ./01-MCAL/UART/source/Uart.o
                0x0000646e                UART1_Rx_Str
 .text.EXT_INT_UASRT_Callout
                0x000064ea       0x24 ./01-MCAL/UART/source/Uart.o
                0x000064ea                EXT_INT_UASRT_Callout
 .text.WDT_Int  0x0000650e       0x1c ./01-MCAL/Timer/WDT/src/WDT.o
                0x0000650e                WDT_Int
 .text.WDT_Refresh
                0x0000652a       0x10 ./01-MCAL/Timer/WDT/src/WDT.o
                0x0000652a                WDT_Refresh
 .text.WDT_Start
                0x0000653a       0x38 ./01-MCAL/Timer/WDT/src/WDT.o
                0x0000653a                WDT_Start
 .text.Delay2   0x00006572      0x14e ./01-MCAL/Timer/Timer2/src/Timer2.o
                0x00006572                Delay2
 .text.Timer2_FPWM_Int
                0x000066c0       0x58 ./01-MCAL/Timer/Timer2/src/Timer2.o
                0x000066c0                Timer2_FPWM_Int
 .text.Timer2_FPWM_Start
                0x00006718       0x2a ./01-MCAL/Timer/Timer2/src/Timer2.o
                0x00006718                Timer2_FPWM_Start
 .text.Timer2_Set_Duty
                0x00006742       0x32 ./01-MCAL/Timer/Timer2/src/Timer2.o
                0x00006742                Timer2_Set_Duty
 .text.Timer2_FPWM_Stop
                0x00006774       0x38 ./01-MCAL/Timer/Timer2/src/Timer2.o
                0x00006774                Timer2_FPWM_Stop
 .text.Timer1_Int
                0x000067ac       0x58 ./01-MCAL/Timer/Timer1/src/Timer1.o
                0x000067ac                Timer1_Int
 .text.Timer1_SetTime
                0x00006804       0x84 ./01-MCAL/Timer/Timer1/src/Timer1.o
                0x00006804                Timer1_SetTime
 .text.Timer1_Start
                0x00006888       0x38 ./01-MCAL/Timer/Timer1/src/Timer1.o
                0x00006888                Timer1_Start
 .text.Timer1_Stop
                0x000068c0       0x38 ./01-MCAL/Timer/Timer1/src/Timer1.o
                0x000068c0                Timer1_Stop
 .text.Timer1_FPWM_Int
                0x000068f8       0x60 ./01-MCAL/Timer/Timer1/src/Timer1.o
                0x000068f8                Timer1_FPWM_Int
 .text.Timer1_FPWM_SetTime
                0x00006958       0x44 ./01-MCAL/Timer/Timer1/src/Timer1.o
                0x00006958                Timer1_FPWM_SetTime
 .text.Timer1_FPWM_Start
                0x0000699c       0x38 ./01-MCAL/Timer/Timer1/src/Timer1.o
                0x0000699c                Timer1_FPWM_Start
 .text.Timer1_FPWM_Stop
                0x000069d4       0x38 ./01-MCAL/Timer/Timer1/src/Timer1.o
                0x000069d4                Timer1_FPWM_Stop
 .text.Timer0_Delay
                0x00006a0c      0x1ea ./01-MCAL/Timer/Timer0/src/Timer0.o
                0x00006a0c                Timer0_Delay
 .text.Delay    0x00006bf6      0x14e ./01-MCAL/Timer/Timer0/src/Timer0.o
                0x00006bf6                Delay
 .text.Timer0_FPWM_Int
                0x00006d44       0x66 ./01-MCAL/Timer/Timer0/src/Timer0.o
                0x00006d44                Timer0_FPWM_Int
 .text.Timer0_FPWM_Start
                0x00006daa       0x1c ./01-MCAL/Timer/Timer0/src/Timer0.o
                0x00006daa                Timer0_FPWM_Start
 .text.Timer0_Set_Duty
                0x00006dc6       0x32 ./01-MCAL/Timer/Timer0/src/Timer0.o
                0x00006dc6                Timer0_Set_Duty
 .text.Timer0_FPWM_Stop
                0x00006df8       0x38 ./01-MCAL/Timer/Timer0/src/Timer0.o
                0x00006df8                Timer0_FPWM_Stop
 .text.__vector_9
                0x00006e30       0xea ./01-MCAL/Timer/Timer0/src/Timer0.o
                0x00006e30                __vector_9
 .text.Timer0_Dimer
                0x00006f1a       0x42 ./01-MCAL/Timer/Timer0/src/Timer0.o
                0x00006f1a                Timer0_Dimer
 .text.Timer0_Dimmer_Light
                0x00006f5c       0x1c ./01-MCAL/Timer/Timer0/src/Timer0.o
                0x00006f5c                Timer0_Dimmer_Light
 .text.TWI_init
                0x00006f78       0x2c ./01-MCAL/TWI/Source/TWI.o
                0x00006f78                TWI_init
 .text.TWI_status
                0x00006fa4       0x16 ./01-MCAL/TWI/Source/TWI.o
                0x00006fa4                TWI_status
 .text.TWI_start
                0x00006fba       0x32 ./01-MCAL/TWI/Source/TWI.o
                0x00006fba                TWI_start
 .text.TWI_stop
                0x00006fec       0x22 ./01-MCAL/TWI/Source/TWI.o
                0x00006fec                TWI_stop
 .text.TWI_send
                0x0000700e       0x36 ./01-MCAL/TWI/Source/TWI.o
                0x0000700e                TWI_send
 .text.TWI_read_Ack
                0x00007044       0x48 ./01-MCAL/TWI/Source/TWI.o
                0x00007044                TWI_read_Ack
 .text.TWI_read_NACK
                0x0000708c       0x3e ./01-MCAL/TWI/Source/TWI.o
                0x0000708c                TWI_read_NACK
 .text.Spi_init
                0x000070ca       0x9c ./01-MCAL/SPI/Source/Spi.o
                0x000070ca                Spi_init
 .text.Spi_TxRx
                0x00007166       0x2e ./01-MCAL/SPI/Source/Spi.o
                0x00007166                Spi_TxRx
 .text.Spi_Slave_Enable
                0x00007194       0x18 ./01-MCAL/SPI/Source/Spi.o
                0x00007194                Spi_Slave_Enable
 .text.Spi_Slave_Disable
                0x000071ac       0x18 ./01-MCAL/SPI/Source/Spi.o
                0x000071ac                Spi_Slave_Disable
 .text.GINT_ENABLE_INTERRUPT
                0x000071c4       0x1c ./01-MCAL/GINT/source/GINT.o
                0x000071c4                GINT_ENABLE_INTERRUPT
 .text.GINT_DISABLE_INTERRUPT
                0x000071e0       0x1c ./01-MCAL/GINT/source/GINT.o
                0x000071e0                GINT_DISABLE_INTERRUPT
 .text.Ext_INTERRUPT_ENABE
                0x000071fc       0x6e ./01-MCAL/EXT_INT/source/ENT_INT.o
                0x000071fc                Ext_INTERRUPT_ENABE
 .text.EXT_INTERRUPT_DISABLE
                0x0000726a       0x6e ./01-MCAL/EXT_INT/source/ENT_INT.o
                0x0000726a                EXT_INTERRUPT_DISABLE
 .text.EXT_INTERUPPT_SENCONTROL
                0x000072d8       0xa0 ./01-MCAL/EXT_INT/source/ENT_INT.o
                0x000072d8                EXT_INTERUPPT_SENCONTROL
 .text.EEPROM_internal_Write
                0x00007378       0x6c ./01-MCAL/EEPROM_int/Src/EEPROM_int.o
                0x00007378                EEPROM_internal_Write
 .text.EEPROM_internal_Read
                0x000073e4       0x56 ./01-MCAL/EEPROM_int/Src/EEPROM_int.o
                0x000073e4                EEPROM_internal_Read
 .text.DIO_cnfg_channel
                0x0000743a      0x1c6 ./01-MCAL/DIO/Src/DIO.o
                0x0000743a                DIO_cnfg_channel
 .text.DIO_write
                0x00007600      0x1c6 ./01-MCAL/DIO/Src/DIO.o
                0x00007600                DIO_write
 .text.DIO_write_Group
                0x000077c6       0xe0 ./01-MCAL/DIO/Src/DIO.o
                0x000077c6                DIO_write_Group
 .text.DIO_read
                0x000078a6      0x14c ./01-MCAL/DIO/Src/DIO.o
                0x000078a6                DIO_read
 .text.DIO_flip
                0x000079f2       0xfa ./01-MCAL/DIO/Src/DIO.o
                0x000079f2                DIO_flip
 .text.DIO_pull_up
                0x00007aec       0x22 ./01-MCAL/DIO/Src/DIO.o
                0x00007aec                DIO_pull_up
 .text.ADC_init
                0x00007b0e       0x2a ./01-MCAL/ADC/source/ADC.o
                0x00007b0e                ADC_init
 .text.ADC_read
                0x00007b38       0x84 ./01-MCAL/ADC/source/ADC.o
                0x00007b38                ADC_read
 .text.libgcc   0x00007bbc       0x3e c:/winavr-20100110/bin/../lib/gcc/avr/4.3.3/avr5\libgcc.a(_mulsi3.o)
                0x00007bbc                __mulsi3
 .text.libgcc   0x00007bfa       0x18 c:/winavr-20100110/bin/../lib/gcc/avr/4.3.3/avr5\libgcc.a(_udivmodqi4.o)
                0x00007bfa                __udivmodqi4
 .text.libgcc   0x00007c12       0x28 c:/winavr-20100110/bin/../lib/gcc/avr/4.3.3/avr5\libgcc.a(_udivmodhi4.o)
                0x00007c12                __udivmodhi4
 .text.libgcc   0x00007c3a       0x26 c:/winavr-20100110/bin/../lib/gcc/avr/4.3.3/avr5\libgcc.a(_divmodhi4.o)
                0x00007c3a                __divmodhi4
                0x00007c3a                _div
 .text.libgcc   0x00007c60       0x44 c:/winavr-20100110/bin/../lib/gcc/avr/4.3.3/avr5\libgcc.a(_udivmodsi4.o)
                0x00007c60                __udivmodsi4
 .text.libgcc   0x00007ca4        0x0 c:/winavr-20100110/bin/../lib/gcc/avr/4.3.3/avr5\libgcc.a(_exit.o)
 .text.libgcc   0x00007ca4        0x0 c:/winavr-20100110/bin/../lib/gcc/avr/4.3.3/avr5\libgcc.a(_copy_data.o)
 .text.libgcc   0x00007ca4        0x0 c:/winavr-20100110/bin/../lib/gcc/avr/4.3.3/avr5\libgcc.a(_clear_bss.o)
 .text.libgcc   0x00007ca4       0x38 c:/winavr-20100110/bin/../lib/gcc/avr/4.3.3/avr5\libgcc.a(_prologue.o)
                0x00007ca4                __prologue_saves__
 .text.libgcc   0x00007cdc       0x36 c:/winavr-20100110/bin/../lib/gcc/avr/4.3.3/avr5\libgcc.a(_epilogue.o)
                0x00007cdc                __epilogue_restores__
 .text.avr-libc
                0x00007d12       0x12 c:/winavr-20100110/bin/../lib/gcc/avr/4.3.3/../../../../avr/lib/avr5\libc.a(strcmp.o)
                0x00007d12                strcmp
 .text.avr-libc
                0x00007d24       0x48 c:/winavr-20100110/bin/../lib/gcc/avr/4.3.3/../../../../avr/lib/avr5\libc.a(sprintf.o)
                0x00007d24                sprintf
 .text.avr-libc.fplib
                0x00007d6c       0x9c c:/winavr-20100110/bin/../lib/gcc/avr/4.3.3/../../../../avr/lib/avr5\libc.a(fmod.o)
                0x00007d7a                fmod
 .text.avr-libc.fplib
                0x00007e08       0x1c c:/winavr-20100110/bin/../lib/gcc/avr/4.3.3/../../../../avr/lib/avr5\libc.a(fp_mpack.o)
                0x00007e0c                __fp_mpack_finite
                0x00007e08                __fp_mpack
 .text.avr-libc.fplib
                0x00007e24        0x6 c:/winavr-20100110/bin/../lib/gcc/avr/4.3.3/../../../../avr/lib/avr5\libc.a(fp_nan.o)
                0x00007e24                __fp_nan
 .text.avr-libc.fplib
                0x00007e2a        0xe c:/winavr-20100110/bin/../lib/gcc/avr/4.3.3/../../../../avr/lib/avr5\libc.a(fp_pscA.o)
                0x00007e2a                __fp_pscA
 .text.avr-libc.fplib
                0x00007e38        0xe c:/winavr-20100110/bin/../lib/gcc/avr/4.3.3/../../../../avr/lib/avr5\libc.a(fp_pscB.o)
                0x00007e38                __fp_pscB
 .text.avr-libc.fplib
                0x00007e46       0x44 c:/winavr-20100110/bin/../lib/gcc/avr/4.3.3/../../../../avr/lib/avr5\libc.a(fp_split3.o)
                0x00007e46                __fp_split3
                0x00007e56                __fp_splitA
 .text.avr-libc.fplib
                0x00007e8a        0xe c:/winavr-20100110/bin/../lib/gcc/avr/4.3.3/../../../../avr/lib/avr5\libc.a(fp_zero.o)
                0x00007e8a                __fp_zero
                0x00007e8c                __fp_szero
 .text.avr-libc
                0x00007e98      0x3ba c:/winavr-20100110/bin/../lib/gcc/avr/4.3.3/../../../../avr/lib/avr5\libc.a(vfprintf_std.o)
                0x00007e98                vfprintf
 .text.avr-libc
                0x00008252       0x16 c:/winavr-20100110/bin/../lib/gcc/avr/4.3.3/../../../../avr/lib/avr5\libc.a(strnlen_P.o)
                0x00008252                strnlen_P
 .text.avr-libc
                0x00008268       0x16 c:/winavr-20100110/bin/../lib/gcc/avr/4.3.3/../../../../avr/lib/avr5\libc.a(strnlen.o)
                0x00008268                strnlen
 .text.avr-libc
                0x0000827e       0x58 c:/winavr-20100110/bin/../lib/gcc/avr/4.3.3/../../../../avr/lib/avr5\libc.a(fputc.o)
                0x0000827e                fputc
 .text.avr-libc
                0x000082d6       0xbc c:/winavr-20100110/bin/../lib/gcc/avr/4.3.3/../../../../avr/lib/avr5\libc.a(ultoa_invert.o)
                0x000082d6                __ultoa_invert
                0x00008392                . = ALIGN (0x2)
 *(.fini9)
 .fini9         0x00008392        0x0 c:/winavr-20100110/bin/../lib/gcc/avr/4.3.3/avr5\libgcc.a(_exit.o)
                0x00008392                exit
                0x00008392                _exit
 *(.fini9)
 *(.fini8)
 *(.fini8)
 *(.fini7)
 *(.fini7)
 *(.fini6)
 *(.fini6)
 *(.fini5)
 *(.fini5)
 *(.fini4)
 *(.fini4)
 *(.fini3)
 *(.fini3)
 *(.fini2)
 *(.fini2)
 *(.fini1)
 *(.fini1)
 *(.fini0)
 .fini0         0x00008392        0x4 c:/winavr-20100110/bin/../lib/gcc/avr/4.3.3/avr5\libgcc.a(_exit.o)
 *(.fini0)
                0x00008396                _etext = .

.data           0x00800060      0x2c2 load address 0x00008396
                0x00800060                PROVIDE (__data_start, .)
 *(.data)
 .data          0x00800060        0x0 c:/winavr-20100110/bin/../lib/gcc/avr/4.3.3/../../../../avr/lib/avr5/crtm16.o
 .data          0x00800060      0x168 ./03-App/main.o
 .data          0x008001c8        0x0 ./02-HAL/Dimmer/src/Dimmer.o
 .data          0x008001c8        0x0 ./02-HAL/16-led_Dimmer/src/Led_Dimmer.o
 .data          0x008001c8        0x0 ./02-HAL/15-Ulrasonic/Src/Ultrasonic.o
 .data          0x008001c8        0x0 ./02-HAL/14-Stepper_Motor/Src/Stepper_Motor.o
 .data          0x008001c8        0x0 ./02-HAL/13-Bluetooth/Src/Bluetooth.o
 .data          0x008001c8        0x0 ./02-HAL/12-DC_Motor/Src/DC_Motor.o
 .data          0x008001c8        0x0 ./02-HAL/11-Servo_Motor/Src/Servo_Motor.o
 .data          0x008001c8        0x0 ./02-HAL/10-EEPROM_ext/Src/EEPROM.o
 .data          0x008001c8        0x0 ./02-HAL/09-Buzzer/Src/Buzzer.o
 .data          0x008001c8        0x0 ./02-HAL/08-LM35/Src/LM35.o
 .data          0x008001c8        0x0 ./02-HAL/07-Keypad/Src/Keypad.o
 .data          0x008001c8        0x0 ./02-HAL/06-SSD/Src/SSD.o
 .data          0x008001c8        0x0 ./02-HAL/05-LCD/Src/Lcd.o
 .data          0x008001c8        0x0 ./02-HAL/05-LCD/Src/Lcd_Cfg.o
 .data          0x008001c8        0x0 ./02-HAL/02-BUTTON/Src/Button.o
 .data          0x008001c8        0x0 ./02-HAL/01-LED/Src/Led.o
 .data          0x008001c8        0x0 ./01-MCAL/UART/source/Uart.o
 .data          0x008001c8        0x0 ./01-MCAL/Timer/WDT/src/WDT.o
 .data          0x008001c8        0x0 ./01-MCAL/Timer/Timer2/src/Timer2.o
 .data          0x008001c8        0x0 ./01-MCAL/Timer/Timer1/src/Timer1.o
 .data          0x008001c8        0x0 ./01-MCAL/Timer/Timer0/src/Timer0.o
 .data          0x008001c8        0x0 ./01-MCAL/TWI/Source/TWI.o
 .data          0x008001c8        0x0 ./01-MCAL/SPI/Source/Spi.o
 .data          0x008001c8        0x0 ./01-MCAL/GINT/source/GINT.o
 .data          0x008001c8        0x0 ./01-MCAL/EXT_INT/source/ENT_INT.o
 .data          0x008001c8        0x0 ./01-MCAL/EEPROM_int/Src/EEPROM_int.o
 .data          0x008001c8        0x0 ./01-MCAL/DIO/Src/DIO.o
 .data          0x008001c8        0x0 ./01-MCAL/ADC/source/ADC.o
 .data          0x008001c8        0x0 c:/winavr-20100110/bin/../lib/gcc/avr/4.3.3/avr5\libgcc.a(_mulsi3.o)
 .data          0x008001c8        0x0 c:/winavr-20100110/bin/../lib/gcc/avr/4.3.3/avr5\libgcc.a(_udivmodqi4.o)
 .data          0x008001c8        0x0 c:/winavr-20100110/bin/../lib/gcc/avr/4.3.3/avr5\libgcc.a(_udivmodhi4.o)
 .data          0x008001c8        0x0 c:/winavr-20100110/bin/../lib/gcc/avr/4.3.3/avr5\libgcc.a(_divmodhi4.o)
 .data          0x008001c8        0x0 c:/winavr-20100110/bin/../lib/gcc/avr/4.3.3/avr5\libgcc.a(_udivmodsi4.o)
 .data          0x008001c8        0x0 c:/winavr-20100110/bin/../lib/gcc/avr/4.3.3/avr5\libgcc.a(_exit.o)
 .data          0x008001c8        0x0 c:/winavr-20100110/bin/../lib/gcc/avr/4.3.3/avr5\libgcc.a(_copy_data.o)
 .data          0x008001c8        0x0 c:/winavr-20100110/bin/../lib/gcc/avr/4.3.3/avr5\libgcc.a(_clear_bss.o)
 .data          0x008001c8        0x0 c:/winavr-20100110/bin/../lib/gcc/avr/4.3.3/avr5\libgcc.a(_fixunssfsi.o)
 .data          0x008001c8        0x0 c:/winavr-20100110/bin/../lib/gcc/avr/4.3.3/avr5\libgcc.a(_addsub_sf.o)
 .data          0x008001c8        0x0 c:/winavr-20100110/bin/../lib/gcc/avr/4.3.3/avr5\libgcc.a(_mul_sf.o)
 .data          0x008001c8        0x0 c:/winavr-20100110/bin/../lib/gcc/avr/4.3.3/avr5\libgcc.a(_div_sf.o)
 .data          0x008001c8        0x0 c:/winavr-20100110/bin/../lib/gcc/avr/4.3.3/avr5\libgcc.a(_gt_sf.o)
 .data          0x008001c8        0x0 c:/winavr-20100110/bin/../lib/gcc/avr/4.3.3/avr5\libgcc.a(_ge_sf.o)
 .data          0x008001c8        0x0 c:/winavr-20100110/bin/../lib/gcc/avr/4.3.3/avr5\libgcc.a(_lt_sf.o)
 .data          0x008001c8        0x0 c:/winavr-20100110/bin/../lib/gcc/avr/4.3.3/avr5\libgcc.a(_sf_to_si.o)
 .data          0x008001c8        0x8 c:/winavr-20100110/bin/../lib/gcc/avr/4.3.3/avr5\libgcc.a(_thenan_sf.o)
                0x008001c8                __thenan_sf
 .data          0x008001d0        0x0 c:/winavr-20100110/bin/../lib/gcc/avr/4.3.3/avr5\libgcc.a(_usi_to_sf.o)
 .data          0x008001d0        0x0 c:/winavr-20100110/bin/../lib/gcc/avr/4.3.3/avr5\libgcc.a(_prologue.o)
 .data          0x008001d0        0x0 c:/winavr-20100110/bin/../lib/gcc/avr/4.3.3/avr5\libgcc.a(_epilogue.o)
 .data          0x008001d0        0x0 c:/winavr-20100110/bin/../lib/gcc/avr/4.3.3/avr5\libgcc.a(_clzsi2.o)
 .data          0x008001d0        0x0 c:/winavr-20100110/bin/../lib/gcc/avr/4.3.3/avr5\libgcc.a(_pack_sf.o)
 .data          0x008001d0        0x0 c:/winavr-20100110/bin/../lib/gcc/avr/4.3.3/avr5\libgcc.a(_unpack_sf.o)
 .data          0x008001d0        0x0 c:/winavr-20100110/bin/../lib/gcc/avr/4.3.3/avr5\libgcc.a(_fpcmp_parts_sf.o)
 .data          0x008001d0      0x100 c:/winavr-20100110/bin/../lib/gcc/avr/4.3.3/avr5\libgcc.a(_clz.o)
                0x008001d0                __clz_tab
 .data          0x008002d0        0x0 c:/winavr-20100110/bin/../lib/gcc/avr/4.3.3/../../../../avr/lib/avr5\libc.a(strcmp.o)
 .data          0x008002d0        0x0 c:/winavr-20100110/bin/../lib/gcc/avr/4.3.3/../../../../avr/lib/avr5\libc.a(sprintf.o)
 .data          0x008002d0        0x0 c:/winavr-20100110/bin/../lib/gcc/avr/4.3.3/../../../../avr/lib/avr5\libc.a(fmod.o)
 .data          0x008002d0        0x0 c:/winavr-20100110/bin/../lib/gcc/avr/4.3.3/../../../../avr/lib/avr5\libc.a(fp_mpack.o)
 .data          0x008002d0        0x0 c:/winavr-20100110/bin/../lib/gcc/avr/4.3.3/../../../../avr/lib/avr5\libc.a(fp_nan.o)
 .data          0x008002d0        0x0 c:/winavr-20100110/bin/../lib/gcc/avr/4.3.3/../../../../avr/lib/avr5\libc.a(fp_pscA.o)
 .data          0x008002d0        0x0 c:/winavr-20100110/bin/../lib/gcc/avr/4.3.3/../../../../avr/lib/avr5\libc.a(fp_pscB.o)
 .data          0x008002d0        0x0 c:/winavr-20100110/bin/../lib/gcc/avr/4.3.3/../../../../avr/lib/avr5\libc.a(fp_split3.o)
 .data          0x008002d0        0x0 c:/winavr-20100110/bin/../lib/gcc/avr/4.3.3/../../../../avr/lib/avr5\libc.a(fp_zero.o)
 .data          0x008002d0        0x0 c:/winavr-20100110/bin/../lib/gcc/avr/4.3.3/../../../../avr/lib/avr5\libc.a(vfprintf_std.o)
 .data          0x008002d0        0x0 c:/winavr-20100110/bin/../lib/gcc/avr/4.3.3/../../../../avr/lib/avr5\libc.a(strnlen_P.o)
 .data          0x008002d0        0x0 c:/winavr-20100110/bin/../lib/gcc/avr/4.3.3/../../../../avr/lib/avr5\libc.a(strnlen.o)
 .data          0x008002d0        0x0 c:/winavr-20100110/bin/../lib/gcc/avr/4.3.3/../../../../avr/lib/avr5\libc.a(fputc.o)
 .data          0x008002d0        0x0 c:/winavr-20100110/bin/../lib/gcc/avr/4.3.3/../../../../avr/lib/avr5\libc.a(ultoa_invert.o)
 *(.data*)
 .data.error    0x008002d0        0x1 ./03-App/main.o
                0x008002d0                error
 .data.mode     0x008002d1        0x1 ./03-App/main.o
                0x008002d1                mode
 .data.Keypad_Layout
                0x008002d2       0x10 ./02-HAL/07-Keypad/Src/Keypad.o
                0x008002d2                Keypad_Layout
 .data.customChar
                0x008002e2       0x40 ./02-HAL/05-LCD/Src/Lcd_Cfg.o
                0x008002e2                customChar
 *(.rodata)
 *(.rodata*)
 *(.gnu.linkonce.d*)
                0x00800322                . = ALIGN (0x2)
                0x00800322                _edata = .
                0x00800322                PROVIDE (__data_end, .)

.bss            0x00800322       0x2f
                0x00800322                PROVIDE (__bss_start, .)
 *(.bss)
 .bss           0x00800322        0x0 c:/winavr-20100110/bin/../lib/gcc/avr/4.3.3/../../../../avr/lib/avr5/crtm16.o
 .bss           0x00800322        0x0 ./03-App/main.o
 .bss           0x00800322        0x0 ./02-HAL/Dimmer/src/Dimmer.o
 .bss           0x00800322        0x0 ./02-HAL/16-led_Dimmer/src/Led_Dimmer.o
 .bss           0x00800322        0x0 ./02-HAL/15-Ulrasonic/Src/Ultrasonic.o
 .bss           0x00800322        0x0 ./02-HAL/14-Stepper_Motor/Src/Stepper_Motor.o
 .bss           0x00800322        0x0 ./02-HAL/13-Bluetooth/Src/Bluetooth.o
 .bss           0x00800322        0x0 ./02-HAL/12-DC_Motor/Src/DC_Motor.o
 .bss           0x00800322        0x0 ./02-HAL/11-Servo_Motor/Src/Servo_Motor.o
 .bss           0x00800322        0x0 ./02-HAL/10-EEPROM_ext/Src/EEPROM.o
 .bss           0x00800322        0x0 ./02-HAL/09-Buzzer/Src/Buzzer.o
 .bss           0x00800322        0x0 ./02-HAL/08-LM35/Src/LM35.o
 .bss           0x00800322        0x0 ./02-HAL/07-Keypad/Src/Keypad.o
 .bss           0x00800322        0x0 ./02-HAL/06-SSD/Src/SSD.o
 .bss           0x00800322        0x0 ./02-HAL/05-LCD/Src/Lcd.o
 .bss           0x00800322        0x0 ./02-HAL/05-LCD/Src/Lcd_Cfg.o
 .bss           0x00800322        0x0 ./02-HAL/02-BUTTON/Src/Button.o
 .bss           0x00800322        0x0 ./02-HAL/01-LED/Src/Led.o
 .bss           0x00800322        0x0 ./01-MCAL/UART/source/Uart.o
 .bss           0x00800322        0x0 ./01-MCAL/Timer/WDT/src/WDT.o
 .bss           0x00800322        0x0 ./01-MCAL/Timer/Timer2/src/Timer2.o
 .bss           0x00800322        0x0 ./01-MCAL/Timer/Timer1/src/Timer1.o
 .bss           0x00800322        0x0 ./01-MCAL/Timer/Timer0/src/Timer0.o
 .bss           0x00800322        0x0 ./01-MCAL/TWI/Source/TWI.o
 .bss           0x00800322        0x0 ./01-MCAL/SPI/Source/Spi.o
 .bss           0x00800322        0x0 ./01-MCAL/GINT/source/GINT.o
 .bss           0x00800322        0x0 ./01-MCAL/EXT_INT/source/ENT_INT.o
 .bss           0x00800322        0x0 ./01-MCAL/EEPROM_int/Src/EEPROM_int.o
 .bss           0x00800322        0x0 ./01-MCAL/DIO/Src/DIO.o
 .bss           0x00800322        0x0 ./01-MCAL/ADC/source/ADC.o
 .bss           0x00800322        0x0 c:/winavr-20100110/bin/../lib/gcc/avr/4.3.3/avr5\libgcc.a(_mulsi3.o)
 .bss           0x00800322        0x0 c:/winavr-20100110/bin/../lib/gcc/avr/4.3.3/avr5\libgcc.a(_udivmodqi4.o)
 .bss           0x00800322        0x0 c:/winavr-20100110/bin/../lib/gcc/avr/4.3.3/avr5\libgcc.a(_udivmodhi4.o)
 .bss           0x00800322        0x0 c:/winavr-20100110/bin/../lib/gcc/avr/4.3.3/avr5\libgcc.a(_divmodhi4.o)
 .bss           0x00800322        0x0 c:/winavr-20100110/bin/../lib/gcc/avr/4.3.3/avr5\libgcc.a(_udivmodsi4.o)
 .bss           0x00800322        0x0 c:/winavr-20100110/bin/../lib/gcc/avr/4.3.3/avr5\libgcc.a(_exit.o)
 .bss           0x00800322        0x0 c:/winavr-20100110/bin/../lib/gcc/avr/4.3.3/avr5\libgcc.a(_copy_data.o)
 .bss           0x00800322        0x0 c:/winavr-20100110/bin/../lib/gcc/avr/4.3.3/avr5\libgcc.a(_clear_bss.o)
 .bss           0x00800322        0x0 c:/winavr-20100110/bin/../lib/gcc/avr/4.3.3/avr5\libgcc.a(_fixunssfsi.o)
 .bss           0x00800322        0x0 c:/winavr-20100110/bin/../lib/gcc/avr/4.3.3/avr5\libgcc.a(_addsub_sf.o)
 .bss           0x00800322        0x0 c:/winavr-20100110/bin/../lib/gcc/avr/4.3.3/avr5\libgcc.a(_mul_sf.o)
 .bss           0x00800322        0x0 c:/winavr-20100110/bin/../lib/gcc/avr/4.3.3/avr5\libgcc.a(_div_sf.o)
 .bss           0x00800322        0x0 c:/winavr-20100110/bin/../lib/gcc/avr/4.3.3/avr5\libgcc.a(_gt_sf.o)
 .bss           0x00800322        0x0 c:/winavr-20100110/bin/../lib/gcc/avr/4.3.3/avr5\libgcc.a(_ge_sf.o)
 .bss           0x00800322        0x0 c:/winavr-20100110/bin/../lib/gcc/avr/4.3.3/avr5\libgcc.a(_lt_sf.o)
 .bss           0x00800322        0x0 c:/winavr-20100110/bin/../lib/gcc/avr/4.3.3/avr5\libgcc.a(_sf_to_si.o)
 .bss           0x00800322        0x0 c:/winavr-20100110/bin/../lib/gcc/avr/4.3.3/avr5\libgcc.a(_thenan_sf.o)
 .bss           0x00800322        0x0 c:/winavr-20100110/bin/../lib/gcc/avr/4.3.3/avr5\libgcc.a(_usi_to_sf.o)
 .bss           0x00800322        0x0 c:/winavr-20100110/bin/../lib/gcc/avr/4.3.3/avr5\libgcc.a(_prologue.o)
 .bss           0x00800322        0x0 c:/winavr-20100110/bin/../lib/gcc/avr/4.3.3/avr5\libgcc.a(_epilogue.o)
 .bss           0x00800322        0x0 c:/winavr-20100110/bin/../lib/gcc/avr/4.3.3/avr5\libgcc.a(_clzsi2.o)
 .bss           0x00800322        0x0 c:/winavr-20100110/bin/../lib/gcc/avr/4.3.3/avr5\libgcc.a(_pack_sf.o)
 .bss           0x00800322        0x0 c:/winavr-20100110/bin/../lib/gcc/avr/4.3.3/avr5\libgcc.a(_unpack_sf.o)
 .bss           0x00800322        0x0 c:/winavr-20100110/bin/../lib/gcc/avr/4.3.3/avr5\libgcc.a(_fpcmp_parts_sf.o)
 .bss           0x00800322        0x0 c:/winavr-20100110/bin/../lib/gcc/avr/4.3.3/avr5\libgcc.a(_clz.o)
 .bss           0x00800322        0x0 c:/winavr-20100110/bin/../lib/gcc/avr/4.3.3/../../../../avr/lib/avr5\libc.a(strcmp.o)
 .bss           0x00800322        0x0 c:/winavr-20100110/bin/../lib/gcc/avr/4.3.3/../../../../avr/lib/avr5\libc.a(sprintf.o)
 .bss           0x00800322        0x0 c:/winavr-20100110/bin/../lib/gcc/avr/4.3.3/../../../../avr/lib/avr5\libc.a(fmod.o)
 .bss           0x00800322        0x0 c:/winavr-20100110/bin/../lib/gcc/avr/4.3.3/../../../../avr/lib/avr5\libc.a(fp_mpack.o)
 .bss           0x00800322        0x0 c:/winavr-20100110/bin/../lib/gcc/avr/4.3.3/../../../../avr/lib/avr5\libc.a(fp_nan.o)
 .bss           0x00800322        0x0 c:/winavr-20100110/bin/../lib/gcc/avr/4.3.3/../../../../avr/lib/avr5\libc.a(fp_pscA.o)
 .bss           0x00800322        0x0 c:/winavr-20100110/bin/../lib/gcc/avr/4.3.3/../../../../avr/lib/avr5\libc.a(fp_pscB.o)
 .bss           0x00800322        0x0 c:/winavr-20100110/bin/../lib/gcc/avr/4.3.3/../../../../avr/lib/avr5\libc.a(fp_split3.o)
 .bss           0x00800322        0x0 c:/winavr-20100110/bin/../lib/gcc/avr/4.3.3/../../../../avr/lib/avr5\libc.a(fp_zero.o)
 .bss           0x00800322        0x0 c:/winavr-20100110/bin/../lib/gcc/avr/4.3.3/../../../../avr/lib/avr5\libc.a(vfprintf_std.o)
 .bss           0x00800322        0x0 c:/winavr-20100110/bin/../lib/gcc/avr/4.3.3/../../../../avr/lib/avr5\libc.a(strnlen_P.o)
 .bss           0x00800322        0x0 c:/winavr-20100110/bin/../lib/gcc/avr/4.3.3/../../../../avr/lib/avr5\libc.a(strnlen.o)
 .bss           0x00800322        0x0 c:/winavr-20100110/bin/../lib/gcc/avr/4.3.3/../../../../avr/lib/avr5\libc.a(fputc.o)
 .bss           0x00800322        0x0 c:/winavr-20100110/bin/../lib/gcc/avr/4.3.3/../../../../avr/lib/avr5\libc.a(ultoa_invert.o)
 *(.bss*)
 .bss.true      0x00800322        0x1 ./03-App/main.o
                0x00800322                true
 .bss.admin     0x00800323        0x1 ./03-App/main.o
                0x00800323                admin
 .bss.guest     0x00800324        0x1 ./03-App/main.o
                0x00800324                guest
 .bss.allowing1
                0x00800325        0x1 ./03-App/main.o
                0x00800325                allowing1
 .bss.name      0x00800326        0xf ./03-App/main.o
                0x00800326                name
 .bss.read      0x00800335        0x1 ./03-App/main.o
                0x00800335                read
 .bss.USART_RXC
                0x00800336        0x2 ./01-MCAL/UART/source/Uart.o
 .bss.tot_overflow2
                0x00800338        0x2 ./01-MCAL/Timer/Timer2/src/Timer2.o
                0x00800338                tot_overflow2
 .bss.check_no2
                0x0080033a        0x1 ./01-MCAL/Timer/Timer2/src/Timer2.o
                0x0080033a                check_no2
 .bss.tot_overflow
                0x0080033b        0x2 ./01-MCAL/Timer/Timer0/src/Timer0.o
                0x0080033b                tot_overflow
 .bss.check_no  0x0080033d        0x1 ./01-MCAL/Timer/Timer0/src/Timer0.o
                0x0080033d                check_no
 .bss.Timer0_INT0
                0x0080033e        0x2 ./01-MCAL/Timer/Timer0/src/Timer0.o
 *(COMMON)
 COMMON         0x00800340        0x6 ./03-App/main.o
                0x00800340                arr
                0x00800344                str
 COMMON         0x00800346        0x2 ./02-HAL/15-Ulrasonic/Src/Ultrasonic.o
                0x00800346                TOV_Counter
 COMMON         0x00800348        0x2 ./02-HAL/14-Stepper_Motor/Src/Stepper_Motor.o
                0x00800348                mport
                0x00800349                mnipple
 COMMON         0x0080034a        0x1 ./01-MCAL/UART/source/Uart.o
                0x0080034a                data
 COMMON         0x0080034b        0x3 ./01-MCAL/Timer/Timer2/src/Timer2.o
                0x0080034b                rem2
                0x0080034c                no_of_ovf2
 COMMON         0x0080034e        0x3 ./01-MCAL/Timer/Timer0/src/Timer0.o
                0x0080034e                no_of_ovf
                0x00800350                rem
                0x00800351                PROVIDE (__bss_end, .)
                0x00008396                __data_load_start = LOADADDR (.data)
                0x00008658                __data_load_end = (__data_load_start + SIZEOF (.data))

.noinit         0x00800351        0x0
                0x00800351                PROVIDE (__noinit_start, .)
 *(.noinit*)
                0x00800351                PROVIDE (__noinit_end, .)
                0x00800351                _end = .
                0x00800351                PROVIDE (__heap_start, .)

.eeprom         0x00810000        0x0
 *(.eeprom*)
                0x00810000                __eeprom_end = .

.fuse
 *(.fuse)
 *(.lfuse)
 *(.hfuse)
 *(.efuse)

.lock
 *(.lock*)

.signature
 *(.signature*)

.stab           0x00000000     0x8c04
 *(.stab)
 .stab          0x00000000     0x16e0 ./03-App/main.o
 .stab          0x000016e0      0x2c4 ./02-HAL/Dimmer/src/Dimmer.o
                                0x51c (size before relaxing)
 .stab          0x000019a4      0x4bc ./02-HAL/16-led_Dimmer/src/Led_Dimmer.o
                                0x750 (size before relaxing)
 .stab          0x00001e60      0x42c ./02-HAL/15-Ulrasonic/Src/Ultrasonic.o
                                0x708 (size before relaxing)
 .stab          0x0000228c     0x189c ./02-HAL/14-Stepper_Motor/Src/Stepper_Motor.o
                               0x1b30 (size before relaxing)
 .stab          0x00003b28      0x2a0 ./02-HAL/13-Bluetooth/Src/Bluetooth.o
                                0x5dc (size before relaxing)
 .stab          0x00003dc8      0x2dc ./02-HAL/12-DC_Motor/Src/DC_Motor.o
                                0x5f4 (size before relaxing)
 .stab          0x000040a4      0x1b0 ./02-HAL/11-Servo_Motor/Src/Servo_Motor.o
                                0x2d0 (size before relaxing)
 .stab          0x00004254      0x450 ./02-HAL/10-EEPROM_ext/Src/EEPROM.o
                                0x714 (size before relaxing)
 .stab          0x000046a4      0x258 ./02-HAL/09-Buzzer/Src/Buzzer.o
                                0x360 (size before relaxing)
 .stab          0x000048fc      0x1e0 ./02-HAL/08-LM35/Src/LM35.o
                                0x2ac (size before relaxing)
 .stab          0x00004adc      0x564 ./02-HAL/07-Keypad/Src/Keypad.o
                                0x66c (size before relaxing)
 .stab          0x00005040      0x540 ./02-HAL/06-SSD/Src/SSD.o
                                0x7d4 (size before relaxing)
 .stab          0x00005580      0x9b4 ./02-HAL/05-LCD/Src/Lcd.o
                                0xc78 (size before relaxing)
 .stab          0x00005f34      0x108 ./02-HAL/05-LCD/Src/Lcd_Cfg.o
                                0x198 (size before relaxing)
 .stab          0x0000603c      0x228 ./02-HAL/02-BUTTON/Src/Button.o
                                0x330 (size before relaxing)
 .stab          0x00006264      0x2c4 ./02-HAL/01-LED/Src/Led.o
                                0x588 (size before relaxing)
 .stab          0x00006528      0x438 ./01-MCAL/UART/source/Uart.o
                                0x768 (size before relaxing)
 .stab          0x00006960      0x1a4 ./01-MCAL/Timer/WDT/src/WDT.o
                                0x234 (size before relaxing)
 .stab          0x00006b04      0x39c ./01-MCAL/Timer/Timer2/src/Timer2.o
                                0x624 (size before relaxing)
 .stab          0x00006ea0      0x3b4 ./01-MCAL/Timer/Timer1/src/Timer1.o
                                0x45c (size before relaxing)
 .stab          0x00007254      0x66c ./01-MCAL/Timer/Timer0/src/Timer0.o
                                0x99c (size before relaxing)
 .stab          0x000078c0      0x33c ./01-MCAL/TWI/Source/TWI.o
                                0x408 (size before relaxing)
 .stab          0x00007bfc      0x2f4 ./01-MCAL/SPI/Source/Spi.o
                                0x3fc (size before relaxing)
 .stab          0x00007ef0      0x150 ./01-MCAL/GINT/source/GINT.o
                                0x1ec (size before relaxing)
 .stab          0x00008040      0x294 ./01-MCAL/EXT_INT/source/ENT_INT.o
                                0x324 (size before relaxing)
 .stab          0x000082d4      0x228 ./01-MCAL/EEPROM_int/Src/EEPROM_int.o
                                0x468 (size before relaxing)
 .stab          0x000084fc      0x528 ./01-MCAL/DIO/Src/DIO.o
                                0x630 (size before relaxing)
 .stab          0x00008a24      0x1e0 ./01-MCAL/ADC/source/ADC.o
                                0x294 (size before relaxing)

.stabstr        0x00000000     0x35c4
 *(.stabstr)
 .stabstr       0x00000000     0x35c4 ./03-App/main.o

.stab.excl
 *(.stab.excl)

.stab.exclstr
 *(.stab.exclstr)

.stab.index
 *(.stab.index)

.stab.indexstr
 *(.stab.indexstr)

.comment
 *(.comment)

.debug
 *(.debug)

.line
 *(.line)

.debug_srcinfo
 *(.debug_srcinfo)

.debug_sfnames
 *(.debug_sfnames)

.debug_aranges  0x00000000      0x1a0
 *(.debug_aranges)
 .debug_aranges
                0x00000000       0x20 c:/winavr-20100110/bin/../lib/gcc/avr/4.3.3/avr5\libgcc.a(_fixunssfsi.o)
 .debug_aranges
                0x00000020       0x20 c:/winavr-20100110/bin/../lib/gcc/avr/4.3.3/avr5\libgcc.a(_addsub_sf.o)
 .debug_aranges
                0x00000040       0x20 c:/winavr-20100110/bin/../lib/gcc/avr/4.3.3/avr5\libgcc.a(_mul_sf.o)
 .debug_aranges
                0x00000060       0x20 c:/winavr-20100110/bin/../lib/gcc/avr/4.3.3/avr5\libgcc.a(_div_sf.o)
 .debug_aranges
                0x00000080       0x20 c:/winavr-20100110/bin/../lib/gcc/avr/4.3.3/avr5\libgcc.a(_gt_sf.o)
 .debug_aranges
                0x000000a0       0x20 c:/winavr-20100110/bin/../lib/gcc/avr/4.3.3/avr5\libgcc.a(_ge_sf.o)
 .debug_aranges
                0x000000c0       0x20 c:/winavr-20100110/bin/../lib/gcc/avr/4.3.3/avr5\libgcc.a(_lt_sf.o)
 .debug_aranges
                0x000000e0       0x20 c:/winavr-20100110/bin/../lib/gcc/avr/4.3.3/avr5\libgcc.a(_sf_to_si.o)
 .debug_aranges
                0x00000100       0x20 c:/winavr-20100110/bin/../lib/gcc/avr/4.3.3/avr5\libgcc.a(_usi_to_sf.o)
 .debug_aranges
                0x00000120       0x20 c:/winavr-20100110/bin/../lib/gcc/avr/4.3.3/avr5\libgcc.a(_clzsi2.o)
 .debug_aranges
                0x00000140       0x20 c:/winavr-20100110/bin/../lib/gcc/avr/4.3.3/avr5\libgcc.a(_pack_sf.o)
 .debug_aranges
                0x00000160       0x20 c:/winavr-20100110/bin/../lib/gcc/avr/4.3.3/avr5\libgcc.a(_unpack_sf.o)
 .debug_aranges
                0x00000180       0x20 c:/winavr-20100110/bin/../lib/gcc/avr/4.3.3/avr5\libgcc.a(_fpcmp_parts_sf.o)

.debug_pubnames
                0x00000000      0x1f2
 *(.debug_pubnames)
 .debug_pubnames
                0x00000000       0x23 c:/winavr-20100110/bin/../lib/gcc/avr/4.3.3/avr5\libgcc.a(_fixunssfsi.o)
 .debug_pubnames
                0x00000023       0x2c c:/winavr-20100110/bin/../lib/gcc/avr/4.3.3/avr5\libgcc.a(_addsub_sf.o)
 .debug_pubnames
                0x0000004f       0x1f c:/winavr-20100110/bin/../lib/gcc/avr/4.3.3/avr5\libgcc.a(_mul_sf.o)
 .debug_pubnames
                0x0000006e       0x1f c:/winavr-20100110/bin/../lib/gcc/avr/4.3.3/avr5\libgcc.a(_div_sf.o)
 .debug_pubnames
                0x0000008d       0x1e c:/winavr-20100110/bin/../lib/gcc/avr/4.3.3/avr5\libgcc.a(_gt_sf.o)
 .debug_pubnames
                0x000000ab       0x1e c:/winavr-20100110/bin/../lib/gcc/avr/4.3.3/avr5\libgcc.a(_ge_sf.o)
 .debug_pubnames
                0x000000c9       0x1e c:/winavr-20100110/bin/../lib/gcc/avr/4.3.3/avr5\libgcc.a(_lt_sf.o)
 .debug_pubnames
                0x000000e7       0x20 c:/winavr-20100110/bin/../lib/gcc/avr/4.3.3/avr5\libgcc.a(_sf_to_si.o)
 .debug_pubnames
                0x00000107       0x22 c:/winavr-20100110/bin/../lib/gcc/avr/4.3.3/avr5\libgcc.a(_thenan_sf.o)
 .debug_pubnames
                0x00000129       0x24 c:/winavr-20100110/bin/../lib/gcc/avr/4.3.3/avr5\libgcc.a(_usi_to_sf.o)
 .debug_pubnames
                0x0000014d       0x1f c:/winavr-20100110/bin/../lib/gcc/avr/4.3.3/avr5\libgcc.a(_clzsi2.o)
 .debug_pubnames
                0x0000016c       0x1f c:/winavr-20100110/bin/../lib/gcc/avr/4.3.3/avr5\libgcc.a(_pack_sf.o)
 .debug_pubnames
                0x0000018b       0x21 c:/winavr-20100110/bin/../lib/gcc/avr/4.3.3/avr5\libgcc.a(_unpack_sf.o)
 .debug_pubnames
                0x000001ac       0x26 c:/winavr-20100110/bin/../lib/gcc/avr/4.3.3/avr5\libgcc.a(_fpcmp_parts_sf.o)
 .debug_pubnames
                0x000001d2       0x20 c:/winavr-20100110/bin/../lib/gcc/avr/4.3.3/avr5\libgcc.a(_clz.o)

.debug_info     0x00000000     0x240b
 *(.debug_info)
 .debug_info    0x00000000       0xb1 c:/winavr-20100110/bin/../lib/gcc/avr/4.3.3/avr5\libgcc.a(_fixunssfsi.o)
 .debug_info    0x000000b1      0x47a c:/winavr-20100110/bin/../lib/gcc/avr/4.3.3/avr5\libgcc.a(_addsub_sf.o)
 .debug_info    0x0000052b      0x485 c:/winavr-20100110/bin/../lib/gcc/avr/4.3.3/avr5\libgcc.a(_mul_sf.o)
 .debug_info    0x000009b0      0x3fc c:/winavr-20100110/bin/../lib/gcc/avr/4.3.3/avr5\libgcc.a(_div_sf.o)
 .debug_info    0x00000dac      0x27f c:/winavr-20100110/bin/../lib/gcc/avr/4.3.3/avr5\libgcc.a(_gt_sf.o)
 .debug_info    0x0000102b      0x27f c:/winavr-20100110/bin/../lib/gcc/avr/4.3.3/avr5\libgcc.a(_ge_sf.o)
 .debug_info    0x000012aa      0x27f c:/winavr-20100110/bin/../lib/gcc/avr/4.3.3/avr5\libgcc.a(_lt_sf.o)
 .debug_info    0x00001529      0x2b0 c:/winavr-20100110/bin/../lib/gcc/avr/4.3.3/avr5\libgcc.a(_sf_to_si.o)
 .debug_info    0x000017d9      0x12c c:/winavr-20100110/bin/../lib/gcc/avr/4.3.3/avr5\libgcc.a(_thenan_sf.o)
 .debug_info    0x00001905      0x206 c:/winavr-20100110/bin/../lib/gcc/avr/4.3.3/avr5\libgcc.a(_usi_to_sf.o)
 .debug_info    0x00001b0b      0x117 c:/winavr-20100110/bin/../lib/gcc/avr/4.3.3/avr5\libgcc.a(_clzsi2.o)
 .debug_info    0x00001c22      0x2df c:/winavr-20100110/bin/../lib/gcc/avr/4.3.3/avr5\libgcc.a(_pack_sf.o)
 .debug_info    0x00001f01      0x251 c:/winavr-20100110/bin/../lib/gcc/avr/4.3.3/avr5\libgcc.a(_unpack_sf.o)
 .debug_info    0x00002152      0x210 c:/winavr-20100110/bin/../lib/gcc/avr/4.3.3/avr5\libgcc.a(_fpcmp_parts_sf.o)
 .debug_info    0x00002362       0xa9 c:/winavr-20100110/bin/../lib/gcc/avr/4.3.3/avr5\libgcc.a(_clz.o)
 *(.gnu.linkonce.wi.*)

.debug_abbrev   0x00000000     0x1386
 *(.debug_abbrev)
 .debug_abbrev  0x00000000       0x5d c:/winavr-20100110/bin/../lib/gcc/avr/4.3.3/avr5\libgcc.a(_fixunssfsi.o)
 .debug_abbrev  0x0000005d      0x1ea c:/winavr-20100110/bin/../lib/gcc/avr/4.3.3/avr5\libgcc.a(_addsub_sf.o)
 .debug_abbrev  0x00000247      0x21b c:/winavr-20100110/bin/../lib/gcc/avr/4.3.3/avr5\libgcc.a(_mul_sf.o)
 .debug_abbrev  0x00000462      0x216 c:/winavr-20100110/bin/../lib/gcc/avr/4.3.3/avr5\libgcc.a(_div_sf.o)
 .debug_abbrev  0x00000678      0x15a c:/winavr-20100110/bin/../lib/gcc/avr/4.3.3/avr5\libgcc.a(_gt_sf.o)
 .debug_abbrev  0x000007d2      0x15a c:/winavr-20100110/bin/../lib/gcc/avr/4.3.3/avr5\libgcc.a(_ge_sf.o)
 .debug_abbrev  0x0000092c      0x15a c:/winavr-20100110/bin/../lib/gcc/avr/4.3.3/avr5\libgcc.a(_lt_sf.o)
 .debug_abbrev  0x00000a86      0x17f c:/winavr-20100110/bin/../lib/gcc/avr/4.3.3/avr5\libgcc.a(_sf_to_si.o)
 .debug_abbrev  0x00000c05       0xad c:/winavr-20100110/bin/../lib/gcc/avr/4.3.3/avr5\libgcc.a(_thenan_sf.o)
 .debug_abbrev  0x00000cb2      0x157 c:/winavr-20100110/bin/../lib/gcc/avr/4.3.3/avr5\libgcc.a(_usi_to_sf.o)
 .debug_abbrev  0x00000e09       0xc4 c:/winavr-20100110/bin/../lib/gcc/avr/4.3.3/avr5\libgcc.a(_clzsi2.o)
 .debug_abbrev  0x00000ecd      0x1c0 c:/winavr-20100110/bin/../lib/gcc/avr/4.3.3/avr5\libgcc.a(_pack_sf.o)
 .debug_abbrev  0x0000108d      0x154 c:/winavr-20100110/bin/../lib/gcc/avr/4.3.3/avr5\libgcc.a(_unpack_sf.o)
 .debug_abbrev  0x000011e1      0x13b c:/winavr-20100110/bin/../lib/gcc/avr/4.3.3/avr5\libgcc.a(_fpcmp_parts_sf.o)
 .debug_abbrev  0x0000131c       0x6a c:/winavr-20100110/bin/../lib/gcc/avr/4.3.3/avr5\libgcc.a(_clz.o)

.debug_line     0x00000000     0x11d6
 *(.debug_line)
 .debug_line    0x00000000       0xa7 c:/winavr-20100110/bin/../lib/gcc/avr/4.3.3/avr5\libgcc.a(_fixunssfsi.o)
 .debug_line    0x000000a7      0x2af c:/winavr-20100110/bin/../lib/gcc/avr/4.3.3/avr5\libgcc.a(_addsub_sf.o)
 .debug_line    0x00000356      0x239 c:/winavr-20100110/bin/../lib/gcc/avr/4.3.3/avr5\libgcc.a(_mul_sf.o)
 .debug_line    0x0000058f      0x1d5 c:/winavr-20100110/bin/../lib/gcc/avr/4.3.3/avr5\libgcc.a(_div_sf.o)
 .debug_line    0x00000764       0xd3 c:/winavr-20100110/bin/../lib/gcc/avr/4.3.3/avr5\libgcc.a(_gt_sf.o)
 .debug_line    0x00000837       0xd3 c:/winavr-20100110/bin/../lib/gcc/avr/4.3.3/avr5\libgcc.a(_ge_sf.o)
 .debug_line    0x0000090a       0xd3 c:/winavr-20100110/bin/../lib/gcc/avr/4.3.3/avr5\libgcc.a(_lt_sf.o)
 .debug_line    0x000009dd      0x109 c:/winavr-20100110/bin/../lib/gcc/avr/4.3.3/avr5\libgcc.a(_sf_to_si.o)
 .debug_line    0x00000ae6       0x90 c:/winavr-20100110/bin/../lib/gcc/avr/4.3.3/avr5\libgcc.a(_thenan_sf.o)
 .debug_line    0x00000b76      0x133 c:/winavr-20100110/bin/../lib/gcc/avr/4.3.3/avr5\libgcc.a(_usi_to_sf.o)
 .debug_line    0x00000ca9       0xa5 c:/winavr-20100110/bin/../lib/gcc/avr/4.3.3/avr5\libgcc.a(_clzsi2.o)
 .debug_line    0x00000d4e      0x18a c:/winavr-20100110/bin/../lib/gcc/avr/4.3.3/avr5\libgcc.a(_pack_sf.o)
 .debug_line    0x00000ed8      0x14b c:/winavr-20100110/bin/../lib/gcc/avr/4.3.3/avr5\libgcc.a(_unpack_sf.o)
 .debug_line    0x00001023      0x137 c:/winavr-20100110/bin/../lib/gcc/avr/4.3.3/avr5\libgcc.a(_fpcmp_parts_sf.o)
 .debug_line    0x0000115a       0x7c c:/winavr-20100110/bin/../lib/gcc/avr/4.3.3/avr5\libgcc.a(_clz.o)

.debug_frame    0x00000000      0x1c0
 *(.debug_frame)
 .debug_frame   0x00000000       0x20 c:/winavr-20100110/bin/../lib/gcc/avr/4.3.3/avr5\libgcc.a(_fixunssfsi.o)
 .debug_frame   0x00000020       0x40 c:/winavr-20100110/bin/../lib/gcc/avr/4.3.3/avr5\libgcc.a(_addsub_sf.o)
 .debug_frame   0x00000060       0x20 c:/winavr-20100110/bin/../lib/gcc/avr/4.3.3/avr5\libgcc.a(_mul_sf.o)
 .debug_frame   0x00000080       0x20 c:/winavr-20100110/bin/../lib/gcc/avr/4.3.3/avr5\libgcc.a(_div_sf.o)
 .debug_frame   0x000000a0       0x20 c:/winavr-20100110/bin/../lib/gcc/avr/4.3.3/avr5\libgcc.a(_gt_sf.o)
 .debug_frame   0x000000c0       0x20 c:/winavr-20100110/bin/../lib/gcc/avr/4.3.3/avr5\libgcc.a(_ge_sf.o)
 .debug_frame   0x000000e0       0x20 c:/winavr-20100110/bin/../lib/gcc/avr/4.3.3/avr5\libgcc.a(_lt_sf.o)
 .debug_frame   0x00000100       0x20 c:/winavr-20100110/bin/../lib/gcc/avr/4.3.3/avr5\libgcc.a(_sf_to_si.o)
 .debug_frame   0x00000120       0x20 c:/winavr-20100110/bin/../lib/gcc/avr/4.3.3/avr5\libgcc.a(_usi_to_sf.o)
 .debug_frame   0x00000140       0x20 c:/winavr-20100110/bin/../lib/gcc/avr/4.3.3/avr5\libgcc.a(_clzsi2.o)
 .debug_frame   0x00000160       0x20 c:/winavr-20100110/bin/../lib/gcc/avr/4.3.3/avr5\libgcc.a(_pack_sf.o)
 .debug_frame   0x00000180       0x20 c:/winavr-20100110/bin/../lib/gcc/avr/4.3.3/avr5\libgcc.a(_unpack_sf.o)
 .debug_frame   0x000001a0       0x20 c:/winavr-20100110/bin/../lib/gcc/avr/4.3.3/avr5\libgcc.a(_fpcmp_parts_sf.o)

.debug_str      0x00000000      0x2f6
 *(.debug_str)
 .debug_str     0x00000000       0xbf c:/winavr-20100110/bin/../lib/gcc/avr/4.3.3/avr5\libgcc.a(_fixunssfsi.o)
                                 0xfe (size before relaxing)
 .debug_str     0x000000bf      0x14d c:/winavr-20100110/bin/../lib/gcc/avr/4.3.3/avr5\libgcc.a(_addsub_sf.o)
                                0x206 (size before relaxing)
 .debug_str     0x0000020c       0x27 c:/winavr-20100110/bin/../lib/gcc/avr/4.3.3/avr5\libgcc.a(_mul_sf.o)
                                0x1bf (size before relaxing)
 .debug_str     0x00000233       0x35 c:/winavr-20100110/bin/../lib/gcc/avr/4.3.3/avr5\libgcc.a(_div_sf.o)
                                0x1c8 (size before relaxing)
 .debug_str     0x00000268        0x8 c:/winavr-20100110/bin/../lib/gcc/avr/4.3.3/avr5\libgcc.a(_gt_sf.o)
                                0x195 (size before relaxing)
 .debug_str     0x00000270        0x8 c:/winavr-20100110/bin/../lib/gcc/avr/4.3.3/avr5\libgcc.a(_ge_sf.o)
                                0x195 (size before relaxing)
 .debug_str     0x00000278        0x8 c:/winavr-20100110/bin/../lib/gcc/avr/4.3.3/avr5\libgcc.a(_lt_sf.o)
                                0x195 (size before relaxing)
 .debug_str     0x00000280        0xa c:/winavr-20100110/bin/../lib/gcc/avr/4.3.3/avr5\libgcc.a(_sf_to_si.o)
                                0x19e (size before relaxing)
 .debug_str     0x00000000      0x103 c:/winavr-20100110/bin/../lib/gcc/avr/4.3.3/avr5\libgcc.a(_thenan_sf.o)
 .debug_str     0x0000028a       0x21 c:/winavr-20100110/bin/../lib/gcc/avr/4.3.3/avr5\libgcc.a(_usi_to_sf.o)
                                0x177 (size before relaxing)
 .debug_str     0x000002ab       0x20 c:/winavr-20100110/bin/../lib/gcc/avr/4.3.3/avr5\libgcc.a(_clzsi2.o)
                                0x111 (size before relaxing)
 .debug_str     0x000002cb       0x10 c:/winavr-20100110/bin/../lib/gcc/avr/4.3.3/avr5\libgcc.a(_pack_sf.o)
                                0x19d (size before relaxing)
 .debug_str     0x000002db        0xb c:/winavr-20100110/bin/../lib/gcc/avr/4.3.3/avr5\libgcc.a(_unpack_sf.o)
                                0x17f (size before relaxing)
 .debug_str     0x000002e6       0x10 c:/winavr-20100110/bin/../lib/gcc/avr/4.3.3/avr5\libgcc.a(_fpcmp_parts_sf.o)
                                0x163 (size before relaxing)
 .debug_str     0x00000000       0xf4 c:/winavr-20100110/bin/../lib/gcc/avr/4.3.3/avr5\libgcc.a(_clz.o)

.debug_loc      0x00000000      0x96e
 *(.debug_loc)
 .debug_loc     0x00000000       0x34 c:/winavr-20100110/bin/../lib/gcc/avr/4.3.3/avr5\libgcc.a(_fixunssfsi.o)
 .debug_loc     0x00000034      0x32a c:/winavr-20100110/bin/../lib/gcc/avr/4.3.3/avr5\libgcc.a(_addsub_sf.o)
 .debug_loc     0x0000035e      0x104 c:/winavr-20100110/bin/../lib/gcc/avr/4.3.3/avr5\libgcc.a(_mul_sf.o)
 .debug_loc     0x00000462       0xc0 c:/winavr-20100110/bin/../lib/gcc/avr/4.3.3/avr5\libgcc.a(_div_sf.o)
 .debug_loc     0x00000522       0x3c c:/winavr-20100110/bin/../lib/gcc/avr/4.3.3/avr5\libgcc.a(_gt_sf.o)
 .debug_loc     0x0000055e       0x3c c:/winavr-20100110/bin/../lib/gcc/avr/4.3.3/avr5\libgcc.a(_ge_sf.o)
 .debug_loc     0x0000059a       0x3c c:/winavr-20100110/bin/../lib/gcc/avr/4.3.3/avr5\libgcc.a(_lt_sf.o)
 .debug_loc     0x000005d6       0x7e c:/winavr-20100110/bin/../lib/gcc/avr/4.3.3/avr5\libgcc.a(_sf_to_si.o)
 .debug_loc     0x00000654       0x4c c:/winavr-20100110/bin/../lib/gcc/avr/4.3.3/avr5\libgcc.a(_usi_to_sf.o)
 .debug_loc     0x000006a0       0x94 c:/winavr-20100110/bin/../lib/gcc/avr/4.3.3/avr5\libgcc.a(_clzsi2.o)
 .debug_loc     0x00000734      0x13e c:/winavr-20100110/bin/../lib/gcc/avr/4.3.3/avr5\libgcc.a(_pack_sf.o)
 .debug_loc     0x00000872       0xac c:/winavr-20100110/bin/../lib/gcc/avr/4.3.3/avr5\libgcc.a(_unpack_sf.o)
 .debug_loc     0x0000091e       0x50 c:/winavr-20100110/bin/../lib/gcc/avr/4.3.3/avr5\libgcc.a(_fpcmp_parts_sf.o)

.debug_macinfo
 *(.debug_macinfo)
OUTPUT(smart-home.elf elf32-avr)
LOAD linker stubs

.debug_ranges   0x00000000       0x50
 .debug_ranges  0x00000000       0x50 c:/winavr-20100110/bin/../lib/gcc/avr/4.3.3/avr5\libgcc.a(_mul_sf.o)
